<html>
<body>
<pre>
<h1>µVision Build Log</h1>
<h2>Tool Versions:</h2>
IDE-Version: µVision V5.31.0.0
Copyright (C) 2020 ARM Ltd and ARM Germany GmbH. All rights reserved.
License Information: nguyen khue, khuenguyencreator.com, LIC=76F5U-SGGLK-QDWKD-8BM2P-NM03G-KY97C
 
Tool Versions:
Toolchain:       MDK-ARM Plus  Version: 5.31.0.0
Toolchain Path:  C:\Keil_v5\ARM\ARMCC\Bin
C Compiler:      Armcc.exe V5.06 update 6 (build 750)
Assembler:       Armasm.exe V5.06 update 6 (build 750)
Linker/Locator:  ArmLink.exe V5.06 update 6 (build 750)
Library Manager: ArmAr.exe V5.06 update 6 (build 750)
Hex Converter:   FromElf.exe V5.06 update 6 (build 750)
CPU DLL:         SARMCM3.DLL V5.31.0.0
Dialog DLL:      DCM.DLL V1.17.3.0
Target DLL:      STLink\ST-LINKIII-KEIL_SWO.dll V3.0.7.0
Dialog DLL:      TCM.DLL V1.46.0.0
 
<h2>Project:</h2>
E:\Blog Example\STM32 Device Example for lib\OLED_LCD\MDK-ARM\OLED_LCD.uvprojx
Project File Date:  04/18/2023

<h2>Output:</h2>
*** Using Compiler 'V5.06 update 6 (build 750)', folder: 'C:\Keil_v5\ARM\ARMCC\Bin'
Build target 'OLED_LCD'
compiling stm32f1xx_hal_msp.c...
compiling stm32f1xx_it.c...
compiling main.c...
compiling fonts.c...
compiling test.c...
..\Src\test.c(22): warning:  #188-D: enumerated type mixed with another type
      		SSD1306_DrawLine(&SSD1306, x1, y1, x2, y2, color);
..\Src\test.c(29): warning:  #188-D: enumerated type mixed with another type
      		SSD1306_DrawLine(&SSD1306, x1, y1, x2, y2, color);
..\Src\test.c(44): warning:  #188-D: enumerated type mixed with another type
      		SSD1306_DrawLine(&SSD1306, x1, y1, x2, y2, color);
..\Src\test.c(51): warning:  #188-D: enumerated type mixed with another type
      		SSD1306_DrawLine(&SSD1306, x1, y1, x2, y2, color);
..\Src\test.c(66): warning:  #188-D: enumerated type mixed with another type
      	SSD1306_DrawLine(&SSD1306, x1, y1, x2, y2, color);
..\Src\test.c(73): warning:  #188-D: enumerated type mixed with another type
      		SSD1306_DrawLine(&SSD1306, x1, y1, x2, y2, color);
..\Src\test.c(88): warning:  #188-D: enumerated type mixed with another type
      		SSD1306_DrawLine(&SSD1306, x1, y1, x2, y2, color);
..\Src\test.c(95): warning:  #188-D: enumerated type mixed with another type
      		SSD1306_DrawLine(&SSD1306, x1, y1, x2, y2, color);
..\Src\test.c(113): warning:  #188-D: enumerated type mixed with another type
          SSD1306_DrawRectangle(&SSD1306, (SSD1306_WIDTH/2) - i2, (SSD1306_HEIGHT/2) - i2, i, i, color);
..\Src\test.c(131): warning:  #188-D: enumerated type mixed with another type
          SSD1306_DrawFilledRectangle(&SSD1306, cx - i2, cy - i2, i, i, color);
..\Src\test.c(147): warning:  #188-D: enumerated type mixed with another type
              SSD1306_DrawFilledCircle(&SSD1306, x, y, radius, color);
..\Src\test.c(166): warning:  #188-D: enumerated type mixed with another type
              SSD1306_DrawCircle(&SSD1306, x, y, radius, color);
..\Src\test.c(183): warning:  #188-D: enumerated type mixed with another type
          SSD1306_DrawTriangle(&SSD1306, cx , cy - i, cx - i, cy + i, cx + i, cy + i, color);
..\Src\test.c: 13 warnings, 0 errors
compiling OLED_LCD_SSD1306.c...
compiling stm32f1xx_hal_gpio_ex.c...
compiling stm32f1xx_hal.c...
compiling stm32f1xx_hal_i2c.c...
compiling stm32f1xx_hal_rcc_ex.c...
compiling stm32f1xx_hal_rcc.c...
compiling stm32f1xx_hal_gpio.c...
compiling stm32f1xx_hal_cortex.c...
compiling stm32f1xx_hal_dma.c...
compiling stm32f1xx_hal_pwr.c...
compiling stm32f1xx_hal_flash_ex.c...
compiling stm32f1xx_hal_flash.c...
compiling stm32f1xx_hal_exti.c...
compiling stm32f1xx_hal_tim.c...
compiling stm32f1xx_hal_tim_ex.c...
compiling system_stm32f1xx.c...
linking...
Program Size: Code=8084 RO-data=14592 RW-data=24 ZI-data=2176  
FromELF: creating hex file...
"OLED_LCD\OLED_LCD.axf" - 0 Error(s), 13 Warning(s).

<h2>Software Packages used:</h2>

Package Vendor: ARM
                http://www.keil.com/pack/ARM.CMSIS.5.7.0.pack
                ARM.CMSIS.5.7.0
                CMSIS (Cortex Microcontroller Software Interface Standard)
   * Component: CORE Version: 5.4.0

Package Vendor: Keil
                http://www.keil.com/pack/Keil.STM32F1xx_DFP.2.3.0.pack
                Keil.STM32F1xx_DFP.2.3.0
                STMicroelectronics STM32F1 Series Device Support, Drivers and Examples

<h2>Collection of Component include folders:</h2>
  .\RTE\_OLED_LCD
  C:\Keil_v5\ARM\PACK\ARM\CMSIS\5.7.0\CMSIS\Core\Include
  C:\Keil_v5\ARM\PACK\Keil\STM32F1xx_DFP\2.3.0\Device\Include

<h2>Collection of Component Files used:</h2>

   * Component: ARM::CMSIS:CORE:5.4.0
Build Time Elapsed:  00:00:17
</pre>
</body>
</html>
