Component: ARM Compiler 5.06 update 4 (build 422) Tool: armlink [4d35d2]

==============================================================================

Section Cross References

    startup_stm32f103xb.o(RESET) refers to startup_stm32f103xb.o(STACK) for __initial_sp
    startup_stm32f103xb.o(RESET) refers to startup_stm32f103xb.o(.text) for Reset_Handler
    startup_stm32f103xb.o(RESET) refers to stm32f1xx_it.o(i.NMI_Handler) for NMI_Handler
    startup_stm32f103xb.o(RESET) refers to stm32f1xx_it.o(i.HardFault_Handler) for HardFault_Handler
    startup_stm32f103xb.o(RESET) refers to stm32f1xx_it.o(i.MemManage_Handler) for MemManage_Handler
    startup_stm32f103xb.o(RESET) refers to stm32f1xx_it.o(i.BusFault_Handler) for BusFault_Handler
    startup_stm32f103xb.o(RESET) refers to stm32f1xx_it.o(i.UsageFault_Handler) for UsageFault_Handler
    startup_stm32f103xb.o(RESET) refers to stm32f1xx_it.o(i.SVC_Handler) for SVC_Handler
    startup_stm32f103xb.o(RESET) refers to stm32f1xx_it.o(i.DebugMon_Handler) for DebugMon_Handler
    startup_stm32f103xb.o(RESET) refers to stm32f1xx_it.o(i.PendSV_Handler) for PendSV_Handler
    startup_stm32f103xb.o(RESET) refers to stm32f1xx_it.o(i.SysTick_Handler) for SysTick_Handler
    startup_stm32f103xb.o(.text) refers to system_stm32f1xx.o(i.SystemInit) for SystemInit
    startup_stm32f103xb.o(.text) refers to entry.o(.ARM.Collect$$$$00000000) for __main
    main.o(i.SystemClock_Config) refers to memseta.o(.text) for __aeabi_memclr4
    main.o(i.SystemClock_Config) refers to stm32f1xx_hal_rcc.o(i.HAL_RCC_OscConfig) for HAL_RCC_OscConfig
    main.o(i.SystemClock_Config) refers to stm32f1xx_hal_rcc.o(i.HAL_RCC_ClockConfig) for HAL_RCC_ClockConfig
    main.o(i.main) refers to stm32f1xx_hal.o(i.HAL_Init) for HAL_Init
    main.o(i.main) refers to main.o(i.SystemClock_Config) for SystemClock_Config
    main.o(i.main) refers to stm32f1xx_hal_i2c.o(i.HAL_I2C_Init) for HAL_I2C_Init
    main.o(i.main) refers to oled_lcd_ssd1306.o(i.SSD1306_Init) for SSD1306_Init
    main.o(i.main) refers to test.o(i.TestLines) for TestLines
    main.o(i.main) refers to stm32f1xx_hal.o(i.HAL_Delay) for HAL_Delay
    main.o(i.main) refers to test.o(i.TestRectangles) for TestRectangles
    main.o(i.main) refers to test.o(i.TestFilledRectangles) for TestFilledRectangles
    main.o(i.main) refers to test.o(i.TestCircles) for TestCircles
    main.o(i.main) refers to test.o(i.TestFilledCircles) for TestFilledCircles
    main.o(i.main) refers to test.o(i.TestTriangles) for TestTriangles
    main.o(i.main) refers to oled_lcd_ssd1306.o(i.SSD1306_GotoXY) for SSD1306_GotoXY
    main.o(i.main) refers to oled_lcd_ssd1306.o(i.SSD1306_Puts) for SSD1306_Puts
    main.o(i.main) refers to oled_lcd_ssd1306.o(i.SSD1306_UpdateScreen) for SSD1306_UpdateScreen
    main.o(i.main) refers to oled_lcd_ssd1306.o(i.SSD1306_Fill) for SSD1306_Fill
    main.o(i.main) refers to oled_lcd_ssd1306.o(i.SSD1306_ScrollRight) for SSD1306_ScrollRight
    main.o(i.main) refers to oled_lcd_ssd1306.o(i.SSD1306_ScrollLeft) for SSD1306_ScrollLeft
    main.o(i.main) refers to oled_lcd_ssd1306.o(i.SSD1306_Stopscroll) for SSD1306_Stopscroll
    main.o(i.main) refers to oled_lcd_ssd1306.o(i.SSD1306_Clear) for SSD1306_Clear
    main.o(i.main) refers to oled_lcd_ssd1306.o(i.SSD1306_DrawBitmap) for SSD1306_DrawBitmap
    main.o(i.main) refers to oled_lcd_ssd1306.o(i.SSD1306_Scrolldiagright) for SSD1306_Scrolldiagright
    main.o(i.main) refers to oled_lcd_ssd1306.o(i.SSD1306_Scrolldiagleft) for SSD1306_Scrolldiagleft
    main.o(i.main) refers to oled_lcd_ssd1306.o(i.SSD1306_InvertDisplay) for SSD1306_InvertDisplay
    main.o(i.main) refers to main.o(.bss) for .bss
    main.o(i.main) refers to fonts.o(.data) for Font_11x18
    main.o(i.main) refers to main.o(.constdata) for .constdata
    stm32f1xx_it.o(i.SysTick_Handler) refers to stm32f1xx_hal.o(i.HAL_IncTick) for HAL_IncTick
    stm32f1xx_hal_msp.o(i.HAL_I2C_MspDeInit) refers to stm32f1xx_hal_gpio.o(i.HAL_GPIO_DeInit) for HAL_GPIO_DeInit
    stm32f1xx_hal_msp.o(i.HAL_I2C_MspInit) refers to stm32f1xx_hal_gpio.o(i.HAL_GPIO_Init) for HAL_GPIO_Init
    fonts.o(i.FONTS_GetStringSize) refers to strlen.o(.text) for strlen
    fonts.o(.data) refers to fonts.o(.constdata) for Font7x10
    fonts.o(.data) refers to fonts.o(.constdata) for Font11x18
    fonts.o(.data) refers to fonts.o(.constdata) for Font16x26
    oled_lcd_ssd1306.o(i.SSD1306_Clear) refers to oled_lcd_ssd1306.o(i.SSD1306_Fill) for SSD1306_Fill
    oled_lcd_ssd1306.o(i.SSD1306_Clear) refers to oled_lcd_ssd1306.o(i.SSD1306_UpdateScreen) for SSD1306_UpdateScreen
    oled_lcd_ssd1306.o(i.SSD1306_DrawBitmap) refers to oled_lcd_ssd1306.o(i.SSD1306_DrawPixel) for SSD1306_DrawPixel
    oled_lcd_ssd1306.o(i.SSD1306_DrawCircle) refers to oled_lcd_ssd1306.o(i.SSD1306_DrawPixel) for SSD1306_DrawPixel
    oled_lcd_ssd1306.o(i.SSD1306_DrawFilledCircle) refers to oled_lcd_ssd1306.o(i.SSD1306_DrawPixel) for SSD1306_DrawPixel
[...]
    stm32f1xx_hal_i2c.o(i.HAL_I2C_EV_IRQHandler) refers to stm32f1xx_hal_i2c.o(i.I2C_Master_ADDR) for I2C_Master_ADDR
    stm32f1xx_hal_i2c.o(i.HAL_I2C_EV_IRQHandler) refers to stm32f1xx_hal_i2c.o(i.I2C_MasterTransmit_TXE) for I2C_MasterTransmit_TXE
    stm32f1xx_hal_i2c.o(i.HAL_I2C_EV_IRQHandler) refers to stm32f1xx_hal_i2c.o(i.I2C_MasterTransmit_BTF) for I2C_MasterTransmit_BTF
    stm32f1xx_hal_i2c.o(i.HAL_I2C_EV_IRQHandler) refers to stm32f1xx_hal_i2c.o(i.I2C_MasterReceive_RXNE) for I2C_MasterReceive_RXNE
    stm32f1xx_hal_i2c.o(i.HAL_I2C_EV_IRQHandler) refers to stm32f1xx_hal_i2c.o(i.I2C_MasterReceive_BTF) for I2C_MasterReceive_BTF
    stm32f1xx_hal_i2c.o(i.HAL_I2C_EV_IRQHandler) refers to stm32f1xx_hal_i2c.o(i.HAL_I2C_AddrCallback) for HAL_I2C_AddrCallback
    stm32f1xx_hal_i2c.o(i.HAL_I2C_EV_IRQHandler) refers to stm32f1xx_hal_i2c.o(i.I2C_Slave_STOPF) for I2C_Slave_STOPF
    stm32f1xx_hal_i2c.o(i.HAL_I2C_EV_IRQHandler) refers to stm32f1xx_hal_i2c.o(i.HAL_I2C_SlaveRxCpltCallback) for HAL_I2C_SlaveRxCpltCallback
    stm32f1xx_hal_i2c.o(i.HAL_I2C_EV_IRQHandler) refers to stm32f1xx_hal_i2c.o(i.HAL_I2C_SlaveTxCpltCallback) for HAL_I2C_SlaveTxCpltCallback
    stm32f1xx_hal_i2c.o(i.HAL_I2C_Init) refers to stm32f1xx_hal_msp.o(i.HAL_I2C_MspInit) for HAL_I2C_MspInit
    stm32f1xx_hal_i2c.o(i.HAL_I2C_Init) refers to stm32f1xx_hal_rcc.o(i.HAL_RCC_GetPCLK1Freq) for HAL_RCC_GetPCLK1Freq
    stm32f1xx_hal_i2c.o(i.HAL_I2C_IsDeviceReady) refers to stm32f1xx_hal.o(i.HAL_GetTick) for HAL_GetTick
    stm32f1xx_hal_i2c.o(i.HAL_I2C_IsDeviceReady) refers to stm32f1xx_hal_i2c.o(i.I2C_WaitOnFlagUntilTimeout) for I2C_WaitOnFlagUntilTimeout
    stm32f1xx_hal_i2c.o(i.HAL_I2C_Master_Abort_IT) refers to stm32f1xx_hal_i2c.o(i.I2C_ITError) for I2C_ITError
    stm32f1xx_hal_i2c.o(i.HAL_I2C_Master_Receive) refers to stm32f1xx_hal.o(i.HAL_GetTick) for HAL_GetTick
    stm32f1xx_hal_i2c.o(i.HAL_I2C_Master_Receive) refers to stm32f1xx_hal_i2c.o(i.I2C_WaitOnFlagUntilTimeout) for I2C_WaitOnFlagUntilTimeout
    stm32f1xx_hal_i2c.o(i.HAL_I2C_Master_Receive) refers to stm32f1xx_hal_i2c.o(i.I2C_MasterRequestRead) for I2C_MasterRequestRead
    stm32f1xx_hal_i2c.o(i.HAL_I2C_Master_Receive) refers to stm32f1xx_hal_i2c.o(i.I2C_WaitOnRXNEFlagUntilTimeout) for I2C_WaitOnRXNEFlagUntilTimeout
    stm32f1xx_hal_i2c.o(i.HAL_I2C_Master_Receive_DMA) refers to stm32f1xx_hal_dma.o(i.HAL_DMA_Start_IT) for HAL_DMA_Start_IT
    stm32f1xx_hal_i2c.o(i.HAL_I2C_Master_Receive_DMA) refers to system_stm32f1xx.o(.data) for SystemCoreClock
    stm32f1xx_hal_i2c.o(i.HAL_I2C_Master_Receive_DMA) refers to stm32f1xx_hal_i2c.o(i.I2C_DMAXferCplt) for I2C_DMAXferCplt
    stm32f1xx_hal_i2c.o(i.HAL_I2C_Master_Receive_DMA) refers to stm32f1xx_hal_i2c.o(i.I2C_DMAError) for I2C_DMAError
    stm32f1xx_hal_i2c.o(i.HAL_I2C_Master_Receive_IT) refers to system_stm32f1xx.o(.data) for SystemCoreClock
    stm32f1xx_hal_i2c.o(i.HAL_I2C_Master_Seq_Receive_DMA) refers to stm32f1xx_hal_dma.o(i.HAL_DMA_Start_IT) for HAL_DMA_Start_IT
    stm32f1xx_hal_i2c.o(i.HAL_I2C_Master_Seq_Receive_DMA) refers to system_stm32f1xx.o(.data) for SystemCoreClock
    stm32f1xx_hal_i2c.o(i.HAL_I2C_Master_Seq_Receive_DMA) refers to stm32f1xx_hal_i2c.o(i.I2C_DMAXferCplt) for I2C_DMAXferCplt
    stm32f1xx_hal_i2c.o(i.HAL_I2C_Master_Seq_Receive_DMA) refers to stm32f1xx_hal_i2c.o(i.I2C_DMAError) for I2C_DMAError
    stm32f1xx_hal_i2c.o(i.HAL_I2C_Master_Seq_Receive_IT) refers to system_stm32f1xx.o(.data) for SystemCoreClock
    stm32f1xx_hal_i2c.o(i.HAL_I2C_Master_Seq_Transmit_DMA) refers to stm32f1xx_hal_dma.o(i.HAL_DMA_Start_IT) for HAL_DMA_Start_IT
    stm32f1xx_hal_i2c.o(i.HAL_I2C_Master_Seq_Transmit_DMA) refers to system_stm32f1xx.o(.data) for SystemCoreClock
    stm32f1xx_hal_i2c.o(i.HAL_I2C_Master_Seq_Transmit_DMA) refers to stm32f1xx_hal_i2c.o(i.I2C_DMAXferCplt) for I2C_DMAXferCplt
    stm32f1xx_hal_i2c.o(i.HAL_I2C_Master_Seq_Transmit_DMA) refers to stm32f1xx_hal_i2c.o(i.I2C_DMAError) for I2C_DMAError
    stm32f1xx_hal_i2c.o(i.HAL_I2C_Master_Seq_Transmit_IT) refers to system_stm32f1xx.o(.data) for SystemCoreClock
    stm32f1xx_hal_i2c.o(i.HAL_I2C_Master_Transmit) refers to stm32f1xx_hal.o(i.HAL_GetTick) for HAL_GetTick
    stm32f1xx_hal_i2c.o(i.HAL_I2C_Master_Transmit) refers to stm32f1xx_hal_i2c.o(i.I2C_WaitOnFlagUntilTimeout) for I2C_WaitOnFlagUntilTimeout
    stm32f1xx_hal_i2c.o(i.HAL_I2C_Master_Transmit) refers to stm32f1xx_hal_i2c.o(i.I2C_MasterRequestWrite) for I2C_MasterRequestWrite
    stm32f1xx_hal_i2c.o(i.HAL_I2C_Master_Transmit) refers to stm32f1xx_hal_i2c.o(i.I2C_WaitOnTXEFlagUntilTimeout) for I2C_WaitOnTXEFlagUntilTimeout
    stm32f1xx_hal_i2c.o(i.HAL_I2C_Master_Transmit) refers to stm32f1xx_hal_i2c.o(i.I2C_WaitOnBTFFlagUntilTimeout) for I2C_WaitOnBTFFlagUntilTimeout
    stm32f1xx_hal_i2c.o(i.HAL_I2C_Master_Transmit_DMA) refers to stm32f1xx_hal_dma.o(i.HAL_DMA_Start_IT) for HAL_DMA_Start_IT
    stm32f1xx_hal_i2c.o(i.HAL_I2C_Master_Transmit_DMA) refers to system_stm32f1xx.o(.data) for SystemCoreClock
    stm32f1xx_hal_i2c.o(i.HAL_I2C_Master_Transmit_DMA) refers to stm32f1xx_hal_i2c.o(i.I2C_DMAXferCplt) for I2C_DMAXferCplt
    stm32f1xx_hal_i2c.o(i.HAL_I2C_Master_Transmit_DMA) refers to stm32f1xx_hal_i2c.o(i.I2C_DMAError) for I2C_DMAError
    stm32f1xx_hal_i2c.o(i.HAL_I2C_Master_Transmit_IT) refers to system_stm32f1xx.o(.data) for SystemCoreClock
    stm32f1xx_hal_i2c.o(i.HAL_I2C_Mem_Read) refers to stm32f1xx_hal.o(i.HAL_GetTick) for HAL_GetTick
    stm32f1xx_hal_i2c.o(i.HAL_I2C_Mem_Read) refers to stm32f1xx_hal_i2c.o(i.I2C_WaitOnFlagUntilTimeout) for I2C_WaitOnFlagUntilTimeout
    stm32f1xx_hal_i2c.o(i.HAL_I2C_Mem_Read) refers to stm32f1xx_hal_i2c.o(i.I2C_RequestMemoryRead) for I2C_RequestMemoryRead
    stm32f1xx_hal_i2c.o(i.HAL_I2C_Mem_Read) refers to stm32f1xx_hal_i2c.o(i.I2C_WaitOnRXNEFlagUntilTimeout) for I2C_WaitOnRXNEFlagUntilTimeout
    stm32f1xx_hal_i2c.o(i.HAL_I2C_Mem_Read_DMA) refers to stm32f1xx_hal.o(i.HAL_GetTick) for HAL_GetTick
    stm32f1xx_hal_i2c.o(i.HAL_I2C_Mem_Read_DMA) refers to stm32f1xx_hal_dma.o(i.HAL_DMA_Start_IT) for HAL_DMA_Start_IT
    stm32f1xx_hal_i2c.o(i.HAL_I2C_Mem_Read_DMA) refers to stm32f1xx_hal_i2c.o(i.I2C_RequestMemoryRead) for I2C_RequestMemoryRead
    stm32f1xx_hal_i2c.o(i.HAL_I2C_Mem_Read_DMA) refers to system_stm32f1xx.o(.data) for SystemCoreClock
    stm32f1xx_hal_i2c.o(i.HAL_I2C_Mem_Read_DMA) refers to stm32f1xx_hal_i2c.o(i.I2C_DMAXferCplt) for I2C_DMAXferCplt
    stm32f1xx_hal_i2c.o(i.HAL_I2C_Mem_Read_DMA) refers to stm32f1xx_hal_i2c.o(i.I2C_DMAError) for I2C_DMAError
    stm32f1xx_hal_i2c.o(i.HAL_I2C_Mem_Read_IT) refers to system_stm32f1xx.o(.data) for SystemCoreClock
    stm32f1xx_hal_i2c.o(i.HAL_I2C_Mem_Write) refers to stm32f1xx_hal.o(i.HAL_GetTick) for HAL_GetTick
    stm32f1xx_hal_i2c.o(i.HAL_I2C_Mem_Write) refers to stm32f1xx_hal_i2c.o(i.I2C_WaitOnFlagUntilTimeout) for I2C_WaitOnFlagUntilTimeout
    stm32f1xx_hal_i2c.o(i.HAL_I2C_Mem_Write) refers to stm32f1xx_hal_i2c.o(i.I2C_RequestMemoryWrite) for I2C_RequestMemoryWrite
    stm32f1xx_hal_i2c.o(i.HAL_I2C_Mem_Write) refers to stm32f1xx_hal_i2c.o(i.I2C_WaitOnTXEFlagUntilTimeout) for I2C_WaitOnTXEFlagUntilTimeout
    stm32f1xx_hal_i2c.o(i.HAL_I2C_Mem_Write) refers to stm32f1xx_hal_i2c.o(i.I2C_WaitOnBTFFlagUntilTimeout) for I2C_WaitOnBTFFlagUntilTimeout
    stm32f1xx_hal_i2c.o(i.HAL_I2C_Mem_Write_DMA) refers to stm32f1xx_hal.o(i.HAL_GetTick) for HAL_GetTick
    stm32f1xx_hal_i2c.o(i.HAL_I2C_Mem_Write_DMA) refers to stm32f1xx_hal_dma.o(i.HAL_DMA_Start_IT) for HAL_DMA_Start_IT
    stm32f1xx_hal_i2c.o(i.HAL_I2C_Mem_Write_DMA) refers to stm32f1xx_hal_i2c.o(i.I2C_RequestMemoryWrite) for I2C_RequestMemoryWrite
    stm32f1xx_hal_i2c.o(i.HAL_I2C_Mem_Write_DMA) refers to system_stm32f1xx.o(.data) for SystemCoreClock
    stm32f1xx_hal_i2c.o(i.HAL_I2C_Mem_Write_DMA) refers to stm32f1xx_hal_i2c.o(i.I2C_DMAXferCplt) for I2C_DMAXferCplt
    stm32f1xx_hal_i2c.o(i.HAL_I2C_Mem_Write_DMA) refers to stm32f1xx_hal_i2c.o(i.I2C_DMAError) for I2C_DMAError
    stm32f1xx_hal_i2c.o(i.HAL_I2C_Mem_Write_IT) refers to system_stm32f1xx.o(.data) for SystemCoreClock
    stm32f1xx_hal_i2c.o(i.HAL_I2C_Slave_Receive) refers to stm32f1xx_hal.o(i.HAL_GetTick) for HAL_GetTick
    stm32f1xx_hal_i2c.o(i.HAL_I2C_Slave_Receive) refers to stm32f1xx_hal_i2c.o(i.I2C_WaitOnFlagUntilTimeout) for I2C_WaitOnFlagUntilTimeout
    stm32f1xx_hal_i2c.o(i.HAL_I2C_Slave_Receive) refers to stm32f1xx_hal_i2c.o(i.I2C_WaitOnRXNEFlagUntilTimeout) for I2C_WaitOnRXNEFlagUntilTimeout
    stm32f1xx_hal_i2c.o(i.HAL_I2C_Slave_Receive) refers to stm32f1xx_hal_i2c.o(i.I2C_IsAcknowledgeFailed) for I2C_IsAcknowledgeFailed
    stm32f1xx_hal_i2c.o(i.HAL_I2C_Slave_Receive_DMA) refers to stm32f1xx_hal_dma.o(i.HAL_DMA_Start_IT) for HAL_DMA_Start_IT
    stm32f1xx_hal_i2c.o(i.HAL_I2C_Slave_Receive_DMA) refers to stm32f1xx_hal_i2c.o(i.I2C_DMAXferCplt) for I2C_DMAXferCplt
    stm32f1xx_hal_i2c.o(i.HAL_I2C_Slave_Receive_DMA) refers to stm32f1xx_hal_i2c.o(i.I2C_DMAError) for I2C_DMAError
    stm32f1xx_hal_i2c.o(i.HAL_I2C_Slave_Seq_Receive_DMA) refers to stm32f1xx_hal_dma.o(i.HAL_DMA_Abort_IT) for HAL_DMA_Abort_IT
    stm32f1xx_hal_i2c.o(i.HAL_I2C_Slave_Seq_Receive_DMA) refers to stm32f1xx_hal_dma.o(i.HAL_DMA_Start_IT) for HAL_DMA_Start_IT
    stm32f1xx_hal_i2c.o(i.HAL_I2C_Slave_Seq_Receive_DMA) refers to stm32f1xx_hal_i2c.o(i.I2C_DMAAbort) for I2C_DMAAbort
    stm32f1xx_hal_i2c.o(i.HAL_I2C_Slave_Seq_Receive_DMA) refers to stm32f1xx_hal_i2c.o(i.I2C_DMAXferCplt) for I2C_DMAXferCplt
    stm32f1xx_hal_i2c.o(i.HAL_I2C_Slave_Seq_Receive_DMA) refers to stm32f1xx_hal_i2c.o(i.I2C_DMAError) for I2C_DMAError
    stm32f1xx_hal_i2c.o(i.HAL_I2C_Slave_Seq_Transmit_DMA) refers to stm32f1xx_hal_dma.o(i.HAL_DMA_Abort_IT) for HAL_DMA_Abort_IT
    stm32f1xx_hal_i2c.o(i.HAL_I2C_Slave_Seq_Transmit_DMA) refers to stm32f1xx_hal_dma.o(i.HAL_DMA_Start_IT) for HAL_DMA_Start_IT
    stm32f1xx_hal_i2c.o(i.HAL_I2C_Slave_Seq_Transmit_DMA) refers to stm32f1xx_hal_i2c.o(i.I2C_DMAAbort) for I2C_DMAAbort
    stm32f1xx_hal_i2c.o(i.HAL_I2C_Slave_Seq_Transmit_DMA) refers to stm32f1xx_hal_i2c.o(i.I2C_DMAXferCplt) for I2C_DMAXferCplt
    stm32f1xx_hal_i2c.o(i.HAL_I2C_Slave_Seq_Transmit_DMA) refers to stm32f1xx_hal_i2c.o(i.I2C_DMAError) for I2C_DMAError
    stm32f1xx_hal_i2c.o(i.HAL_I2C_Slave_Transmit) refers to stm32f1xx_hal.o(i.HAL_GetTick) for HAL_GetTick
    stm32f1xx_hal_i2c.o(i.HAL_I2C_Slave_Transmit) refers to stm32f1xx_hal_i2c.o(i.I2C_WaitOnFlagUntilTimeout) for I2C_WaitOnFlagUntilTimeout
    stm32f1xx_hal_i2c.o(i.HAL_I2C_Slave_Transmit) refers to stm32f1xx_hal_i2c.o(i.I2C_WaitOnTXEFlagUntilTimeout) for I2C_WaitOnTXEFlagUntilTimeout
    stm32f1xx_hal_i2c.o(i.HAL_I2C_Slave_Transmit_DMA) refers to stm32f1xx_hal_dma.o(i.HAL_DMA_Start_IT) for HAL_DMA_Start_IT
    stm32f1xx_hal_i2c.o(i.HAL_I2C_Slave_Transmit_DMA) refers to stm32f1xx_hal_i2c.o(i.I2C_DMAXferCplt) for I2C_DMAXferCplt
    stm32f1xx_hal_i2c.o(i.HAL_I2C_Slave_Transmit_DMA) refers to stm32f1xx_hal_i2c.o(i.I2C_DMAError) for I2C_DMAError
    stm32f1xx_hal_i2c.o(i.I2C_DMAAbort) refers to stm32f1xx_hal_i2c.o(i.HAL_I2C_ErrorCallback) for HAL_I2C_ErrorCallback
    stm32f1xx_hal_i2c.o(i.I2C_DMAAbort) refers to stm32f1xx_hal_i2c.o(i.HAL_I2C_AbortCpltCallback) for HAL_I2C_AbortCpltCallback
    stm32f1xx_hal_i2c.o(i.I2C_DMAError) refers to stm32f1xx_hal_i2c.o(i.HAL_I2C_ErrorCallback) for HAL_I2C_ErrorCallback
    stm32f1xx_hal_i2c.o(i.I2C_DMAXferCplt) refers to stm32f1xx_hal_i2c.o(i.HAL_I2C_SlaveTxCpltCallback) for HAL_I2C_SlaveTxCpltCallback
    stm32f1xx_hal_i2c.o(i.I2C_DMAXferCplt) refers to stm32f1xx_hal_i2c.o(i.HAL_I2C_SlaveRxCpltCallback) for HAL_I2C_SlaveRxCpltCallback
    stm32f1xx_hal_i2c.o(i.I2C_DMAXferCplt) refers to stm32f1xx_hal_i2c.o(i.HAL_I2C_ErrorCallback) for HAL_I2C_ErrorCallback
    stm32f1xx_hal_i2c.o(i.I2C_DMAXferCplt) refers to stm32f1xx_hal_i2c.o(i.HAL_I2C_MasterRxCpltCallback) for HAL_I2C_MasterRxCpltCallback
    stm32f1xx_hal_i2c.o(i.I2C_DMAXferCplt) refers to stm32f1xx_hal_i2c.o(i.HAL_I2C_MemRxCpltCallback) for HAL_I2C_MemRxCpltCallback
    stm32f1xx_hal_i2c.o(i.I2C_ITError) refers to stm32f1xx_hal_dma.o(i.HAL_DMA_Abort_IT) for HAL_DMA_Abort_IT
    stm32f1xx_hal_i2c.o(i.I2C_ITError) refers to stm32f1xx_hal_i2c.o(i.HAL_I2C_ErrorCallback) for HAL_I2C_ErrorCallback
    stm32f1xx_hal_i2c.o(i.I2C_ITError) refers to stm32f1xx_hal_i2c.o(i.HAL_I2C_ListenCpltCallback) for HAL_I2C_ListenCpltCallback
    stm32f1xx_hal_i2c.o(i.I2C_ITError) refers to stm32f1xx_hal_i2c.o(i.HAL_I2C_AbortCpltCallback) for HAL_I2C_AbortCpltCallback
    stm32f1xx_hal_i2c.o(i.I2C_ITError) refers to stm32f1xx_hal_i2c.o(i.I2C_DMAAbort) for I2C_DMAAbort
    stm32f1xx_hal_i2c.o(i.I2C_MasterReceive_BTF) refers to stm32f1xx_hal_i2c.o(i.HAL_I2C_MasterRxCpltCallback) for HAL_I2C_MasterRxCpltCallback
    stm32f1xx_hal_i2c.o(i.I2C_MasterReceive_BTF) refers to stm32f1xx_hal_i2c.o(i.HAL_I2C_MemRxCpltCallback) for HAL_I2C_MemRxCpltCallback
    stm32f1xx_hal_i2c.o(i.I2C_MasterReceive_RXNE) refers to stm32f1xx_hal_i2c.o(i.HAL_I2C_MasterRxCpltCallback) for HAL_I2C_MasterRxCpltCallback
    stm32f1xx_hal_i2c.o(i.I2C_MasterReceive_RXNE) refers to stm32f1xx_hal_i2c.o(i.HAL_I2C_MemRxCpltCallback) for HAL_I2C_MemRxCpltCallback
    stm32f1xx_hal_i2c.o(i.I2C_MasterRequestRead) refers to stm32f1xx_hal_i2c.o(i.I2C_WaitOnFlagUntilTimeout) for I2C_WaitOnFlagUntilTimeout
    stm32f1xx_hal_i2c.o(i.I2C_MasterRequestRead) refers to stm32f1xx_hal_i2c.o(i.I2C_WaitOnMasterAddressFlagUntilTimeout) for I2C_WaitOnMasterAddressFlagUntilTimeout
    stm32f1xx_hal_i2c.o(i.I2C_MasterRequestWrite) refers to stm32f1xx_hal_i2c.o(i.I2C_WaitOnFlagUntilTimeout) for I2C_WaitOnFlagUntilTimeout
    stm32f1xx_hal_i2c.o(i.I2C_MasterRequestWrite) refers to stm32f1xx_hal_i2c.o(i.I2C_WaitOnMasterAddressFlagUntilTimeout) for I2C_WaitOnMasterAddressFlagUntilTimeout
    stm32f1xx_hal_i2c.o(i.I2C_MasterTransmit_BTF) refers to stm32f1xx_hal_i2c.o(i.HAL_I2C_MasterTxCpltCallback) for HAL_I2C_MasterTxCpltCallback
    stm32f1xx_hal_i2c.o(i.I2C_MasterTransmit_BTF) refers to stm32f1xx_hal_i2c.o(i.HAL_I2C_MemTxCpltCallback) for HAL_I2C_MemTxCpltCallback
    stm32f1xx_hal_i2c.o(i.I2C_MasterTransmit_TXE) refers to stm32f1xx_hal_i2c.o(i.HAL_I2C_MasterTxCpltCallback) for HAL_I2C_MasterTxCpltCallback
    stm32f1xx_hal_i2c.o(i.I2C_MasterTransmit_TXE) refers to stm32f1xx_hal_i2c.o(i.HAL_I2C_MemTxCpltCallback) for HAL_I2C_MemTxCpltCallback
    stm32f1xx_hal_i2c.o(i.I2C_RequestMemoryRead) refers to stm32f1xx_hal_i2c.o(i.I2C_WaitOnFlagUntilTimeout) for I2C_WaitOnFlagUntilTimeout
    stm32f1xx_hal_i2c.o(i.I2C_RequestMemoryRead) refers to stm32f1xx_hal_i2c.o(i.I2C_WaitOnMasterAddressFlagUntilTimeout) for I2C_WaitOnMasterAddressFlagUntilTimeout
    stm32f1xx_hal_i2c.o(i.I2C_RequestMemoryRead) refers to stm32f1xx_hal_i2c.o(i.I2C_WaitOnTXEFlagUntilTimeout) for I2C_WaitOnTXEFlagUntilTimeout
    stm32f1xx_hal_i2c.o(i.I2C_RequestMemoryWrite) refers to stm32f1xx_hal_i2c.o(i.I2C_WaitOnFlagUntilTimeout) for I2C_WaitOnFlagUntilTimeout
    stm32f1xx_hal_i2c.o(i.I2C_RequestMemoryWrite) refers to stm32f1xx_hal_i2c.o(i.I2C_WaitOnMasterAddressFlagUntilTimeout) for I2C_WaitOnMasterAddressFlagUntilTimeout
    stm32f1xx_hal_i2c.o(i.I2C_RequestMemoryWrite) refers to stm32f1xx_hal_i2c.o(i.I2C_WaitOnTXEFlagUntilTimeout) for I2C_WaitOnTXEFlagUntilTimeout
    stm32f1xx_hal_i2c.o(i.I2C_Slave_AF) refers to stm32f1xx_hal_i2c.o(i.HAL_I2C_ListenCpltCallback) for HAL_I2C_ListenCpltCallback
    stm32f1xx_hal_i2c.o(i.I2C_Slave_AF) refers to stm32f1xx_hal_i2c.o(i.HAL_I2C_SlaveTxCpltCallback) for HAL_I2C_SlaveTxCpltCallback
    stm32f1xx_hal_i2c.o(i.I2C_Slave_STOPF) refers to stm32f1xx_hal_dma.o(i.HAL_DMA_GetState) for HAL_DMA_GetState
    stm32f1xx_hal_i2c.o(i.I2C_Slave_STOPF) refers to stm32f1xx_hal_dma.o(i.HAL_DMA_Abort_IT) for HAL_DMA_Abort_IT
    stm32f1xx_hal_i2c.o(i.I2C_Slave_STOPF) refers to stm32f1xx_hal_i2c.o(i.I2C_ITError) for I2C_ITError
    stm32f1xx_hal_i2c.o(i.I2C_Slave_STOPF) refers to stm32f1xx_hal_i2c.o(i.HAL_I2C_SlaveRxCpltCallback) for HAL_I2C_SlaveRxCpltCallback
    stm32f1xx_hal_i2c.o(i.I2C_Slave_STOPF) refers to stm32f1xx_hal_i2c.o(i.HAL_I2C_ListenCpltCallback) for HAL_I2C_ListenCpltCallback
    stm32f1xx_hal_i2c.o(i.I2C_Slave_STOPF) refers to stm32f1xx_hal_i2c.o(i.I2C_DMAAbort) for I2C_DMAAbort
    stm32f1xx_hal_i2c.o(i.I2C_WaitOnBTFFlagUntilTimeout) refers to stm32f1xx_hal_i2c.o(i.I2C_IsAcknowledgeFailed) for I2C_IsAcknowledgeFailed
    stm32f1xx_hal_i2c.o(i.I2C_WaitOnBTFFlagUntilTimeout) refers to stm32f1xx_hal.o(i.HAL_GetTick) for HAL_GetTick
    stm32f1xx_hal_i2c.o(i.I2C_WaitOnFlagUntilTimeout) refers to stm32f1xx_hal.o(i.HAL_GetTick) for HAL_GetTick
    stm32f1xx_hal_i2c.o(i.I2C_WaitOnMasterAddressFlagUntilTimeout) refers to stm32f1xx_hal.o(i.HAL_GetTick) for HAL_GetTick
    stm32f1xx_hal_i2c.o(i.I2C_WaitOnRXNEFlagUntilTimeout) refers to stm32f1xx_hal.o(i.HAL_GetTick) for HAL_GetTick
    stm32f1xx_hal_i2c.o(i.I2C_WaitOnTXEFlagUntilTimeout) refers to stm32f1xx_hal_i2c.o(i.I2C_IsAcknowledgeFailed) for I2C_IsAcknowledgeFailed
    stm32f1xx_hal_i2c.o(i.I2C_WaitOnTXEFlagUntilTimeout) refers to stm32f1xx_hal.o(i.HAL_GetTick) for HAL_GetTick
    stm32f1xx_hal.o(i.HAL_DeInit) refers to stm32f1xx_hal.o(i.HAL_MspDeInit) for HAL_MspDeInit
    stm32f1xx_hal.o(i.HAL_Delay) refers to stm32f1xx_hal.o(i.HAL_GetTick) for HAL_GetTick
    stm32f1xx_hal.o(i.HAL_Delay) refers to stm32f1xx_hal.o(.data) for .data
    stm32f1xx_hal.o(i.HAL_GetTick) refers to stm32f1xx_hal.o(.data) for .data
    stm32f1xx_hal.o(i.HAL_GetTickFreq) refers to stm32f1xx_hal.o(.data) for .data
    stm32f1xx_hal.o(i.HAL_GetTickPrio) refers to stm32f1xx_hal.o(.data) for .data
    stm32f1xx_hal.o(i.HAL_IncTick) refers to stm32f1xx_hal.o(.data) for .data
    stm32f1xx_hal.o(i.HAL_Init) refers to stm32f1xx_hal_cortex.o(i.HAL_NVIC_SetPriorityGrouping) for HAL_NVIC_SetPriorityGrouping
    stm32f1xx_hal.o(i.HAL_Init) refers to stm32f1xx_hal.o(i.HAL_InitTick) for HAL_InitTick
    stm32f1xx_hal.o(i.HAL_Init) refers to stm32f1xx_hal_msp.o(i.HAL_MspInit) for HAL_MspInit
    stm32f1xx_hal.o(i.HAL_InitTick) refers to stm32f1xx_hal_cortex.o(i.HAL_SYSTICK_Config) for HAL_SYSTICK_Config
    stm32f1xx_hal.o(i.HAL_InitTick) refers to stm32f1xx_hal_cortex.o(i.HAL_NVIC_SetPriority) for HAL_NVIC_SetPriority
    stm32f1xx_hal.o(i.HAL_InitTick) refers to stm32f1xx_hal.o(.data) for .data
    stm32f1xx_hal.o(i.HAL_InitTick) refers to system_stm32f1xx.o(.data) for SystemCoreClock
    stm32f1xx_hal.o(i.HAL_SetTickFreq) refers to stm32f1xx_hal.o(i.HAL_InitTick) for HAL_InitTick
    stm32f1xx_hal.o(i.HAL_SetTickFreq) refers to stm32f1xx_hal.o(.data) for .data
    stm32f1xx_hal_rcc.o(i.HAL_RCC_ClockConfig) refers to stm32f1xx_hal.o(i.HAL_GetTick) for HAL_GetTick
    stm32f1xx_hal_rcc.o(i.HAL_RCC_ClockConfig) refers to stm32f1xx_hal_rcc.o(i.HAL_RCC_GetSysClockFreq) for HAL_RCC_GetSysClockFreq
    stm32f1xx_hal_rcc.o(i.HAL_RCC_ClockConfig) refers to stm32f1xx_hal.o(i.HAL_InitTick) for HAL_InitTick
    stm32f1xx_hal_rcc.o(i.HAL_RCC_ClockConfig) refers to system_stm32f1xx.o(.constdata) for AHBPrescTable
    stm32f1xx_hal_rcc.o(i.HAL_RCC_ClockConfig) refers to system_stm32f1xx.o(.data) for SystemCoreClock
    stm32f1xx_hal_rcc.o(i.HAL_RCC_ClockConfig) refers to stm32f1xx_hal.o(.data) for uwTickPrio
    stm32f1xx_hal_rcc.o(i.HAL_RCC_DeInit) refers to stm32f1xx_hal.o(i.HAL_GetTick) for HAL_GetTick
    stm32f1xx_hal_rcc.o(i.HAL_RCC_DeInit) refers to stm32f1xx_hal.o(i.HAL_InitTick) for HAL_InitTick
    stm32f1xx_hal_rcc.o(i.HAL_RCC_DeInit) refers to system_stm32f1xx.o(.data) for SystemCoreClock
    stm32f1xx_hal_rcc.o(i.HAL_RCC_DeInit) refers to stm32f1xx_hal.o(.data) for uwTickPrio
    stm32f1xx_hal_rcc.o(i.HAL_RCC_GetHCLKFreq) refers to system_stm32f1xx.o(.data) for SystemCoreClock
    stm32f1xx_hal_rcc.o(i.HAL_RCC_GetPCLK1Freq) refers to system_stm32f1xx.o(.data) for SystemCoreClock
    stm32f1xx_hal_rcc.o(i.HAL_RCC_GetPCLK1Freq) refers to system_stm32f1xx.o(.constdata) for APBPrescTable
    stm32f1xx_hal_rcc.o(i.HAL_RCC_GetPCLK2Freq) refers to system_stm32f1xx.o(.data) for SystemCoreClock
    stm32f1xx_hal_rcc.o(i.HAL_RCC_GetPCLK2Freq) refers to system_stm32f1xx.o(.constdata) for APBPrescTable
    stm32f1xx_hal_rcc.o(i.HAL_RCC_MCOConfig) refers to stm32f1xx_hal_gpio.o(i.HAL_GPIO_Init) for HAL_GPIO_Init
    stm32f1xx_hal_rcc.o(i.HAL_RCC_NMI_IRQHandler) refers to stm32f1xx_hal_rcc.o(i.HAL_RCC_CSSCallback) for HAL_RCC_CSSCallback
    stm32f1xx_hal_rcc.o(i.HAL_RCC_OscConfig) refers to stm32f1xx_hal.o(i.HAL_GetTick) for HAL_GetTick
    stm32f1xx_hal_rcc.o(i.HAL_RCC_OscConfig) refers to system_stm32f1xx.o(.data) for SystemCoreClock
    stm32f1xx_hal_rcc_ex.o(i.HAL_RCCEx_GetPeriphCLKFreq) refers to stm32f1xx_hal_rcc.o(i.HAL_RCC_GetPCLK2Freq) for HAL_RCC_GetPCLK2Freq
    stm32f1xx_hal_rcc_ex.o(i.HAL_RCCEx_PeriphCLKConfig) refers to stm32f1xx_hal.o(i.HAL_GetTick) for HAL_GetTick
    stm32f1xx_hal_gpio.o(i.HAL_GPIO_EXTI_IRQHandler) refers to stm32f1xx_hal_gpio.o(i.HAL_GPIO_EXTI_Callback) for HAL_GPIO_EXTI_Callback
    stm32f1xx_hal_dma.o(i.HAL_DMA_PollForTransfer) refers to stm32f1xx_hal.o(i.HAL_GetTick) for HAL_GetTick
    stm32f1xx_hal_dma.o(i.HAL_DMA_Start) refers to stm32f1xx_hal_dma.o(i.DMA_SetConfig) for DMA_SetConfig
    stm32f1xx_hal_dma.o(i.HAL_DMA_Start_IT) refers to stm32f1xx_hal_dma.o(i.DMA_SetConfig) for DMA_SetConfig
    stm32f1xx_hal_cortex.o(i.HAL_NVIC_SetPriority) refers to stm32f1xx_hal_cortex.o(i.__NVIC_SetPriority) for __NVIC_SetPriority
    stm32f1xx_hal_cortex.o(i.HAL_SYSTICK_Config) refers to stm32f1xx_hal_cortex.o(i.__NVIC_SetPriority) for __NVIC_SetPriority
    stm32f1xx_hal_cortex.o(i.HAL_SYSTICK_IRQHandler) refers to stm32f1xx_hal_cortex.o(i.HAL_SYSTICK_Callback) for HAL_SYSTICK_Callback
    stm32f1xx_hal_pwr.o(i.HAL_PWR_EnterSTOPMode) refers to stm32f1xx_hal_pwr.o(i.PWR_OverloadWfe) for PWR_OverloadWfe
    stm32f1xx_hal_pwr.o(i.HAL_PWR_PVD_IRQHandler) refers to stm32f1xx_hal_pwr.o(i.HAL_PWR_PVDCallback) for HAL_PWR_PVDCallback
    stm32f1xx_hal_flash.o(i.FLASH_Program_HalfWord) refers to stm32f1xx_hal_flash.o(.bss) for .bss
    stm32f1xx_hal_flash.o(i.FLASH_SetErrorCode) refers to stm32f1xx_hal_flash.o(.bss) for .bss
    stm32f1xx_hal_flash.o(i.FLASH_WaitForLastOperation) refers to stm32f1xx_hal.o(i.HAL_GetTick) for HAL_GetTick
    stm32f1xx_hal_flash.o(i.FLASH_WaitForLastOperation) refers to stm32f1xx_hal_flash.o(i.FLASH_SetErrorCode) for FLASH_SetErrorCode
    stm32f1xx_hal_flash.o(i.HAL_FLASH_GetError) refers to stm32f1xx_hal_flash.o(.bss) for .bss
    stm32f1xx_hal_flash.o(i.HAL_FLASH_IRQHandler) refers to stm32f1xx_hal_flash.o(i.FLASH_SetErrorCode) for FLASH_SetErrorCode
    stm32f1xx_hal_flash.o(i.HAL_FLASH_IRQHandler) refers to stm32f1xx_hal_flash.o(i.HAL_FLASH_OperationErrorCallback) for HAL_FLASH_OperationErrorCallback
    stm32f1xx_hal_flash.o(i.HAL_FLASH_IRQHandler) refers to stm32f1xx_hal_flash.o(i.FLASH_Program_HalfWord) for FLASH_Program_HalfWord
    stm32f1xx_hal_flash.o(i.HAL_FLASH_IRQHandler) refers to stm32f1xx_hal_flash.o(i.HAL_FLASH_EndOfOperationCallback) for HAL_FLASH_EndOfOperationCallback
    stm32f1xx_hal_flash.o(i.HAL_FLASH_IRQHandler) refers to stm32f1xx_hal_flash_ex.o(i.FLASH_PageErase) for FLASH_PageErase
    stm32f1xx_hal_flash.o(i.HAL_FLASH_IRQHandler) refers to stm32f1xx_hal_flash.o(.bss) for .bss
    stm32f1xx_hal_flash.o(i.HAL_FLASH_OB_Launch) refers to stm32f1xx_hal_cortex.o(i.HAL_NVIC_SystemReset) for HAL_NVIC_SystemReset
    stm32f1xx_hal_flash.o(i.HAL_FLASH_Program) refers to stm32f1xx_hal_flash.o(i.FLASH_WaitForLastOperation) for FLASH_WaitForLastOperation
    stm32f1xx_hal_flash.o(i.HAL_FLASH_Program) refers to llushr.o(.text) for __aeabi_llsr
    stm32f1xx_hal_flash.o(i.HAL_FLASH_Program) refers to stm32f1xx_hal_flash.o(i.FLASH_Program_HalfWord) for FLASH_Program_HalfWord
    stm32f1xx_hal_flash.o(i.HAL_FLASH_Program) refers to stm32f1xx_hal_flash.o(.bss) for .bss
    stm32f1xx_hal_flash.o(i.HAL_FLASH_Program_IT) refers to stm32f1xx_hal_flash.o(i.FLASH_Program_HalfWord) for FLASH_Program_HalfWord
    stm32f1xx_hal_flash.o(i.HAL_FLASH_Program_IT) refers to stm32f1xx_hal_flash.o(.bss) for .bss
    stm32f1xx_hal_flash_ex.o(i.FLASH_MassErase) refers to stm32f1xx_hal_flash.o(.bss) for pFlash
    stm32f1xx_hal_flash_ex.o(i.FLASH_OB_DisableWRP) refers to stm32f1xx_hal_flash.o(i.FLASH_WaitForLastOperation) for FLASH_WaitForLastOperation
    stm32f1xx_hal_flash_ex.o(i.FLASH_OB_DisableWRP) refers to stm32f1xx_hal_flash_ex.o(i.HAL_FLASHEx_OBErase) for HAL_FLASHEx_OBErase
    stm32f1xx_hal_flash_ex.o(i.FLASH_OB_DisableWRP) refers to stm32f1xx_hal_flash.o(.bss) for pFlash
    stm32f1xx_hal_flash_ex.o(i.FLASH_OB_EnableWRP) refers to stm32f1xx_hal_flash.o(i.FLASH_WaitForLastOperation) for FLASH_WaitForLastOperation
    stm32f1xx_hal_flash_ex.o(i.FLASH_OB_EnableWRP) refers to stm32f1xx_hal_flash_ex.o(i.HAL_FLASHEx_OBErase) for HAL_FLASHEx_OBErase
    stm32f1xx_hal_flash_ex.o(i.FLASH_OB_EnableWRP) refers to stm32f1xx_hal_flash.o(.bss) for pFlash
    stm32f1xx_hal_flash_ex.o(i.FLASH_OB_RDP_LevelConfig) refers to stm32f1xx_hal_flash.o(i.FLASH_WaitForLastOperation) for FLASH_WaitForLastOperation
    stm32f1xx_hal_flash_ex.o(i.FLASH_OB_RDP_LevelConfig) refers to stm32f1xx_hal_flash.o(.bss) for pFlash
    stm32f1xx_hal_flash_ex.o(i.FLASH_PageErase) refers to stm32f1xx_hal_flash.o(.bss) for pFlash
    stm32f1xx_hal_flash_ex.o(i.HAL_FLASHEx_Erase) refers to stm32f1xx_hal_flash.o(i.FLASH_WaitForLastOperation) for FLASH_WaitForLastOperation
    stm32f1xx_hal_flash_ex.o(i.HAL_FLASHEx_Erase) refers to stm32f1xx_hal_flash_ex.o(i.FLASH_MassErase) for FLASH_MassErase
    stm32f1xx_hal_flash_ex.o(i.HAL_FLASHEx_Erase) refers to stm32f1xx_hal_flash_ex.o(i.FLASH_PageErase) for FLASH_PageErase
    stm32f1xx_hal_flash_ex.o(i.HAL_FLASHEx_Erase) refers to stm32f1xx_hal_flash.o(.bss) for pFlash
    stm32f1xx_hal_flash_ex.o(i.HAL_FLASHEx_Erase_IT) refers to stm32f1xx_hal_flash_ex.o(i.FLASH_PageErase) for FLASH_PageErase
    stm32f1xx_hal_flash_ex.o(i.HAL_FLASHEx_Erase_IT) refers to stm32f1xx_hal_flash_ex.o(i.FLASH_MassErase) for FLASH_MassErase
    stm32f1xx_hal_flash_ex.o(i.HAL_FLASHEx_Erase_IT) refers to stm32f1xx_hal_flash.o(.bss) for pFlash
    stm32f1xx_hal_flash_ex.o(i.HAL_FLASHEx_OBErase) refers to stm32f1xx_hal_flash_ex.o(i.FLASH_OB_GetRDP) for FLASH_OB_GetRDP
    stm32f1xx_hal_flash_ex.o(i.HAL_FLASHEx_OBErase) refers to stm32f1xx_hal_flash.o(i.FLASH_WaitForLastOperation) for FLASH_WaitForLastOperation
    stm32f1xx_hal_flash_ex.o(i.HAL_FLASHEx_OBErase) refers to stm32f1xx_hal_flash_ex.o(i.FLASH_OB_RDP_LevelConfig) for FLASH_OB_RDP_LevelConfig
    stm32f1xx_hal_flash_ex.o(i.HAL_FLASHEx_OBErase) refers to stm32f1xx_hal_flash.o(.bss) for pFlash
    stm32f1xx_hal_flash_ex.o(i.HAL_FLASHEx_OBGetConfig) refers to stm32f1xx_hal_flash_ex.o(i.FLASH_OB_GetRDP) for FLASH_OB_GetRDP
    stm32f1xx_hal_flash_ex.o(i.HAL_FLASHEx_OBProgram) refers to stm32f1xx_hal_flash_ex.o(i.FLASH_OB_DisableWRP) for FLASH_OB_DisableWRP
    stm32f1xx_hal_flash_ex.o(i.HAL_FLASHEx_OBProgram) refers to stm32f1xx_hal_flash_ex.o(i.FLASH_OB_EnableWRP) for FLASH_OB_EnableWRP
    stm32f1xx_hal_flash_ex.o(i.HAL_FLASHEx_OBProgram) refers to stm32f1xx_hal_flash_ex.o(i.FLASH_OB_RDP_LevelConfig) for FLASH_OB_RDP_LevelConfig
    stm32f1xx_hal_flash_ex.o(i.HAL_FLASHEx_OBProgram) refers to stm32f1xx_hal_flash.o(i.FLASH_WaitForLastOperation) for FLASH_WaitForLastOperation
    stm32f1xx_hal_flash_ex.o(i.HAL_FLASHEx_OBProgram) refers to stm32f1xx_hal_flash.o(.bss) for pFlash
    system_stm32f1xx.o(i.SystemCoreClockUpdate) refers to system_stm32f1xx.o(.data) for .data
    system_stm32f1xx.o(i.SystemCoreClockUpdate) refers to system_stm32f1xx.o(.constdata) for .constdata
    entry.o(.ARM.Collect$$$$00000000) refers (Special) to entry10a.o(.ARM.Collect$$$$0000000D) for __rt_final_cpp
    entry.o(.ARM.Collect$$$$00000000) refers (Special) to entry11a.o(.ARM.Collect$$$$0000000F) for __rt_final_exit
    entry.o(.ARM.Collect$$$$00000000) refers (Special) to entry7b.o(.ARM.Collect$$$$00000008) for _main_clock
    entry.o(.ARM.Collect$$$$00000000) refers (Special) to entry8b.o(.ARM.Collect$$$$0000000A) for _main_cpp_init
    entry.o(.ARM.Collect$$$$00000000) refers (Special) to entry9a.o(.ARM.Collect$$$$0000000B) for _main_init
    entry.o(.ARM.Collect$$$$00000000) refers (Special) to entry5.o(.ARM.Collect$$$$00000004) for _main_scatterload
    entry.o(.ARM.Collect$$$$00000000) refers (Special) to entry2.o(.ARM.Collect$$$$00000001) for _main_stk
    entry2.o(.ARM.Collect$$$$00000001) refers to entry2.o(.ARM.Collect$$$$00002712) for __lit__00000000
    entry2.o(.ARM.Collect$$$$00002712) refers to startup_stm32f103xb.o(STACK) for __initial_sp
    entry2.o(__vectab_stack_and_reset_area) refers to startup_stm32f103xb.o(STACK) for __initial_sp
    entry2.o(__vectab_stack_and_reset_area) refers to entry.o(.ARM.Collect$$$$00000000) for __main
    entry5.o(.ARM.Collect$$$$00000004) refers to init.o(.text) for __scatterload
    entry9a.o(.ARM.Collect$$$$0000000B) refers to main.o(i.main) for main
    entry9b.o(.ARM.Collect$$$$0000000C) refers to main.o(i.main) for main
    init.o(.text) refers to entry5.o(.ARM.Collect$$$$00000004) for __main_after_scatterload


==============================================================================

Removing Unused input sections from the image.

    Removing startup_stm32f103xb.o(HEAP), (512 bytes).
    Removing main.o(.rev16_text), (4 bytes).
    Removing main.o(.revsh_text), (4 bytes).
    Removing main.o(.rrx_text), (6 bytes).
    Removing main.o(i.Error_Handler), (2 bytes).
    Removing stm32f1xx_it.o(.rev16_text), (4 bytes).
    Removing stm32f1xx_it.o(.revsh_text), (4 bytes).
    Removing stm32f1xx_it.o(.rrx_text), (6 bytes).
    Removing stm32f1xx_hal_msp.o(.rev16_text), (4 bytes).
    Removing stm32f1xx_hal_msp.o(.revsh_text), (4 bytes).
    Removing stm32f1xx_hal_msp.o(.rrx_text), (6 bytes).
    Removing stm32f1xx_hal_msp.o(i.HAL_I2C_MspDeInit), (40 bytes).
    Removing fonts.o(.rev16_text), (4 bytes).
    Removing fonts.o(.revsh_text), (4 bytes).
    Removing fonts.o(.rrx_text), (6 bytes).
    Removing fonts.o(i.FONTS_GetStringSize), (28 bytes).
    Removing fonts.o(.constdata), (1900 bytes).
    Removing fonts.o(.constdata), (4940 bytes).
    Removing fonts.o(.data), (8 bytes).
    Removing fonts.o(.data), (8 bytes).
    Removing oled_lcd_ssd1306.o(.rev16_text), (4 bytes).
    Removing oled_lcd_ssd1306.o(.revsh_text), (4 bytes).
    Removing oled_lcd_ssd1306.o(.rrx_text), (6 bytes).
    Removing oled_lcd_ssd1306.o(i.SSD1306_DrawFilledTriangle), (198 bytes).
    Removing oled_lcd_ssd1306.o(i.SSD1306_OFF), (30 bytes).
    Removing oled_lcd_ssd1306.o(i.SSD1306_ON), (30 bytes).
    Removing oled_lcd_ssd1306.o(i.SSD1306_ToggleInvert), (44 bytes).
    Removing test.o(.rev16_text), (4 bytes).
    Removing test.o(.revsh_text), (4 bytes).
    Removing test.o(.rrx_text), (6 bytes).
    Removing stm32f1xx_hal_gpio_ex.o(.rev16_text), (4 bytes).
    Removing stm32f1xx_hal_gpio_ex.o(.revsh_text), (4 bytes).
    Removing stm32f1xx_hal_gpio_ex.o(.rrx_text), (6 bytes).
    Removing stm32f1xx_hal_gpio_ex.o(i.HAL_GPIOEx_ConfigEventout), (20 bytes).
    Removing stm32f1xx_hal_gpio_ex.o(i.HAL_GPIOEx_DisableEventout), (16 bytes).
    Removing stm32f1xx_hal_gpio_ex.o(i.HAL_GPIOEx_EnableEventout), (16 bytes).
    Removing stm32f1xx_hal_i2c.o(.rev16_text), (4 bytes).
    Removing stm32f1xx_hal_i2c.o(.revsh_text), (4 bytes).
    Removing stm32f1xx_hal_i2c.o(.rrx_text), (6 bytes).
    Removing stm32f1xx_hal_i2c.o(i.HAL_I2C_AbortCpltCallback), (2 bytes).
    Removing stm32f1xx_hal_i2c.o(i.HAL_I2C_AddrCallback), (2 bytes).
    Removing stm32f1xx_hal_i2c.o(i.HAL_I2C_DeInit), (50 bytes).
    Removing stm32f1xx_hal_i2c.o(i.HAL_I2C_DisableListen_IT), (68 bytes).
    Removing stm32f1xx_hal_i2c.o(i.HAL_I2C_ER_IRQHandler), (196 bytes).
    Removing stm32f1xx_hal_i2c.o(i.HAL_I2C_EV_IRQHandler), (602 bytes).
    Removing stm32f1xx_hal_i2c.o(i.HAL_I2C_EnableListen_IT), (58 bytes).
    Removing stm32f1xx_hal_i2c.o(i.HAL_I2C_ErrorCallback), (2 bytes).
    Removing stm32f1xx_hal_i2c.o(i.HAL_I2C_GetError), (4 bytes).
    Removing stm32f1xx_hal_i2c.o(i.HAL_I2C_GetMode), (6 bytes).
    Removing stm32f1xx_hal_i2c.o(i.HAL_I2C_GetState), (6 bytes).
    Removing stm32f1xx_hal_i2c.o(i.HAL_I2C_ListenCpltCallback), (2 bytes).
    Removing stm32f1xx_hal_i2c.o(i.HAL_I2C_MasterRxCpltCallback), (2 bytes).
    Removing stm32f1xx_hal_i2c.o(i.HAL_I2C_MasterTxCpltCallback), (2 bytes).
    Removing stm32f1xx_hal_i2c.o(i.HAL_I2C_Master_Abort_IT), (86 bytes).
    Removing stm32f1xx_hal_i2c.o(i.HAL_I2C_Master_Receive), (524 bytes).
    Removing stm32f1xx_hal_i2c.o(i.HAL_I2C_Master_Receive_DMA), (320 bytes).
    Removing stm32f1xx_hal_i2c.o(i.HAL_I2C_Master_Receive_IT), (200 bytes).
    Removing stm32f1xx_hal_i2c.o(i.HAL_I2C_Master_Seq_Receive_DMA), (480 bytes).
    Removing stm32f1xx_hal_i2c.o(i.HAL_I2C_Master_Seq_Receive_IT), (300 bytes).
    Removing stm32f1xx_hal_i2c.o(i.HAL_I2C_Master_Seq_Transmit_DMA), (400 bytes).
    Removing stm32f1xx_hal_i2c.o(i.HAL_I2C_Master_Seq_Transmit_IT), (212 bytes).
    Removing stm32f1xx_hal_i2c.o(i.HAL_I2C_Master_Transmit_DMA), (320 bytes).
    Removing stm32f1xx_hal_i2c.o(i.HAL_I2C_Master_Transmit_IT), (188 bytes).
    Removing stm32f1xx_hal_i2c.o(i.HAL_I2C_MemRxCpltCallback), (2 bytes).
    Removing stm32f1xx_hal_i2c.o(i.HAL_I2C_MemTxCpltCallback), (2 bytes).
    Removing stm32f1xx_hal_i2c.o(i.HAL_I2C_Mem_Read), (544 bytes).
    Removing stm32f1xx_hal_i2c.o(i.HAL_I2C_Mem_Read_DMA), (392 bytes).
    Removing stm32f1xx_hal_i2c.o(i.HAL_I2C_Mem_Read_IT), (224 bytes).
    Removing stm32f1xx_hal_i2c.o(i.HAL_I2C_Mem_Write), (304 bytes).
    Removing stm32f1xx_hal_i2c.o(i.HAL_I2C_Mem_Write_DMA), (336 bytes).
    Removing stm32f1xx_hal_i2c.o(i.HAL_I2C_Mem_Write_IT), (212 bytes).
    Removing stm32f1xx_hal_i2c.o(i.HAL_I2C_MspDeInit), (2 bytes).
    Removing stm32f1xx_hal_i2c.o(i.HAL_I2C_MspInit), (2 bytes).
    Removing stm32f1xx_hal_i2c.o(i.HAL_I2C_SlaveRxCpltCallback), (2 bytes).
    Removing stm32f1xx_hal_i2c.o(i.HAL_I2C_SlaveTxCpltCallback), (2 bytes).
    Removing stm32f1xx_hal_i2c.o(i.HAL_I2C_Slave_Receive), (364 bytes).
    Removing stm32f1xx_hal_i2c.o(i.HAL_I2C_Slave_Receive_DMA), (204 bytes).
    Removing stm32f1xx_hal_i2c.o(i.HAL_I2C_Slave_Receive_IT), (124 bytes).
    Removing stm32f1xx_hal_i2c.o(i.HAL_I2C_Slave_Seq_Receive_DMA), (328 bytes).
    Removing stm32f1xx_hal_i2c.o(i.HAL_I2C_Slave_Seq_Receive_IT), (116 bytes).
    Removing stm32f1xx_hal_i2c.o(i.HAL_I2C_Slave_Seq_Transmit_DMA), (328 bytes).
    Removing stm32f1xx_hal_i2c.o(i.HAL_I2C_Slave_Seq_Transmit_IT), (116 bytes).
    Removing stm32f1xx_hal_i2c.o(i.HAL_I2C_Slave_Transmit), (348 bytes).
    Removing stm32f1xx_hal_i2c.o(i.HAL_I2C_Slave_Transmit_DMA), (204 bytes).
    Removing stm32f1xx_hal_i2c.o(i.HAL_I2C_Slave_Transmit_IT), (124 bytes).
    Removing stm32f1xx_hal_i2c.o(i.I2C_DMAAbort), (126 bytes).
    Removing stm32f1xx_hal_i2c.o(i.I2C_DMAError), (50 bytes).
    Removing stm32f1xx_hal_i2c.o(i.I2C_DMAXferCplt), (262 bytes).
    Removing stm32f1xx_hal_i2c.o(i.I2C_ITError), (320 bytes).
    Removing stm32f1xx_hal_i2c.o(i.I2C_MasterReceive_BTF), (210 bytes).
    Removing stm32f1xx_hal_i2c.o(i.I2C_MasterReceive_RXNE), (146 bytes).
    Removing stm32f1xx_hal_i2c.o(i.I2C_MasterRequestRead), (212 bytes).
    Removing stm32f1xx_hal_i2c.o(i.I2C_MasterTransmit_BTF), (130 bytes).
    Removing stm32f1xx_hal_i2c.o(i.I2C_MasterTransmit_TXE), (260 bytes).
    Removing stm32f1xx_hal_i2c.o(i.I2C_Master_ADDR), (344 bytes).
    Removing stm32f1xx_hal_i2c.o(i.I2C_Master_SB), (142 bytes).
    Removing stm32f1xx_hal_i2c.o(i.I2C_RequestMemoryRead), (230 bytes).
    Removing stm32f1xx_hal_i2c.o(i.I2C_RequestMemoryWrite), (148 bytes).
    Removing stm32f1xx_hal_i2c.o(i.I2C_Slave_AF), (132 bytes).
    Removing stm32f1xx_hal_i2c.o(i.I2C_Slave_STOPF), (348 bytes).
    Removing stm32f1xx_hal_i2c.o(i.I2C_WaitOnRXNEFlagUntilTimeout), (102 bytes).
    Removing stm32f1xx_hal.o(.rev16_text), (4 bytes).
    Removing stm32f1xx_hal.o(.revsh_text), (4 bytes).
    Removing stm32f1xx_hal.o(.rrx_text), (6 bytes).
    Removing stm32f1xx_hal.o(i.HAL_DBGMCU_DisableDBGSleepMode), (16 bytes).
    Removing stm32f1xx_hal.o(i.HAL_DBGMCU_DisableDBGStandbyMode), (16 bytes).
    Removing stm32f1xx_hal.o(i.HAL_DBGMCU_DisableDBGStopMode), (16 bytes).
    Removing stm32f1xx_hal.o(i.HAL_DBGMCU_EnableDBGSleepMode), (16 bytes).
    Removing stm32f1xx_hal.o(i.HAL_DBGMCU_EnableDBGStandbyMode), (16 bytes).
    Removing stm32f1xx_hal.o(i.HAL_DBGMCU_EnableDBGStopMode), (16 bytes).
    Removing stm32f1xx_hal.o(i.HAL_DeInit), (32 bytes).
    Removing stm32f1xx_hal.o(i.HAL_GetDEVID), (16 bytes).
    Removing stm32f1xx_hal.o(i.HAL_GetHalVersion), (8 bytes).
    Removing stm32f1xx_hal.o(i.HAL_GetREVID), (12 bytes).
    Removing stm32f1xx_hal.o(i.HAL_GetTickFreq), (12 bytes).
    Removing stm32f1xx_hal.o(i.HAL_GetTickPrio), (12 bytes).
    Removing stm32f1xx_hal.o(i.HAL_GetUIDw0), (12 bytes).
    Removing stm32f1xx_hal.o(i.HAL_GetUIDw1), (12 bytes).
    Removing stm32f1xx_hal.o(i.HAL_GetUIDw2), (12 bytes).
    Removing stm32f1xx_hal.o(i.HAL_MspDeInit), (2 bytes).
    Removing stm32f1xx_hal.o(i.HAL_MspInit), (2 bytes).
    Removing stm32f1xx_hal.o(i.HAL_ResumeTick), (14 bytes).
    Removing stm32f1xx_hal.o(i.HAL_SetTickFreq), (32 bytes).
    Removing stm32f1xx_hal.o(i.HAL_SuspendTick), (14 bytes).
    Removing stm32f1xx_hal_rcc.o(.rev16_text), (4 bytes).
    Removing stm32f1xx_hal_rcc.o(.revsh_text), (4 bytes).
    Removing stm32f1xx_hal_rcc.o(.rrx_text), (6 bytes).
    Removing stm32f1xx_hal_rcc.o(i.HAL_RCC_CSSCallback), (2 bytes).
    Removing stm32f1xx_hal_rcc.o(i.HAL_RCC_DeInit), (220 bytes).
    Removing stm32f1xx_hal_rcc.o(i.HAL_RCC_DisableCSS), (12 bytes).
    Removing stm32f1xx_hal_rcc.o(i.HAL_RCC_EnableCSS), (12 bytes).
    Removing stm32f1xx_hal_rcc.o(i.HAL_RCC_GetClockConfig), (64 bytes).
    Removing stm32f1xx_hal_rcc.o(i.HAL_RCC_GetHCLKFreq), (12 bytes).
    Removing stm32f1xx_hal_rcc.o(i.HAL_RCC_GetOscConfig), (144 bytes).
    Removing stm32f1xx_hal_rcc.o(i.HAL_RCC_GetPCLK2Freq), (32 bytes).
    Removing stm32f1xx_hal_rcc.o(i.HAL_RCC_MCOConfig), (72 bytes).
    Removing stm32f1xx_hal_rcc.o(i.HAL_RCC_NMI_IRQHandler), (24 bytes).
    Removing stm32f1xx_hal_rcc_ex.o(.rev16_text), (4 bytes).
    Removing stm32f1xx_hal_rcc_ex.o(.revsh_text), (4 bytes).
    Removing stm32f1xx_hal_rcc_ex.o(.rrx_text), (6 bytes).
    Removing stm32f1xx_hal_rcc_ex.o(i.HAL_RCCEx_GetPeriphCLKConfig), (44 bytes).
    Removing stm32f1xx_hal_rcc_ex.o(i.HAL_RCCEx_GetPeriphCLKFreq), (200 bytes).
    Removing stm32f1xx_hal_rcc_ex.o(i.HAL_RCCEx_PeriphCLKConfig), (236 bytes).
    Removing stm32f1xx_hal_gpio.o(.rev16_text), (4 bytes).
    Removing stm32f1xx_hal_gpio.o(.revsh_text), (4 bytes).
    Removing stm32f1xx_hal_gpio.o(.rrx_text), (6 bytes).
    Removing stm32f1xx_hal_gpio.o(i.HAL_GPIO_DeInit), (252 bytes).
    Removing stm32f1xx_hal_gpio.o(i.HAL_GPIO_EXTI_Callback), (2 bytes).
    Removing stm32f1xx_hal_gpio.o(i.HAL_GPIO_EXTI_IRQHandler), (24 bytes).
    Removing stm32f1xx_hal_gpio.o(i.HAL_GPIO_LockPin), (34 bytes).
    Removing stm32f1xx_hal_gpio.o(i.HAL_GPIO_ReadPin), (10 bytes).
    Removing stm32f1xx_hal_gpio.o(i.HAL_GPIO_TogglePin), (14 bytes).
    Removing stm32f1xx_hal_gpio.o(i.HAL_GPIO_WritePin), (10 bytes).
    Removing stm32f1xx_hal_dma.o(.rev16_text), (4 bytes).
    Removing stm32f1xx_hal_dma.o(.revsh_text), (4 bytes).
    Removing stm32f1xx_hal_dma.o(.rrx_text), (6 bytes).
    Removing stm32f1xx_hal_dma.o(i.DMA_SetConfig), (42 bytes).
    Removing stm32f1xx_hal_dma.o(i.HAL_DMA_Abort), (70 bytes).
    Removing stm32f1xx_hal_dma.o(i.HAL_DMA_Abort_IT), (152 bytes).
    Removing stm32f1xx_hal_dma.o(i.HAL_DMA_DeInit), (92 bytes).
    Removing stm32f1xx_hal_dma.o(i.HAL_DMA_GetError), (4 bytes).
    Removing stm32f1xx_hal_dma.o(i.HAL_DMA_GetState), (6 bytes).
    Removing stm32f1xx_hal_dma.o(i.HAL_DMA_IRQHandler), (340 bytes).
    Removing stm32f1xx_hal_dma.o(i.HAL_DMA_Init), (92 bytes).
    Removing stm32f1xx_hal_dma.o(i.HAL_DMA_PollForTransfer), (532 bytes).
    Removing stm32f1xx_hal_dma.o(i.HAL_DMA_RegisterCallback), (74 bytes).
    Removing stm32f1xx_hal_dma.o(i.HAL_DMA_Start), (80 bytes).
    Removing stm32f1xx_hal_dma.o(i.HAL_DMA_Start_IT), (112 bytes).
    Removing stm32f1xx_hal_dma.o(i.HAL_DMA_UnRegisterCallback), (82 bytes).
    Removing stm32f1xx_hal_cortex.o(.rev16_text), (4 bytes).
    Removing stm32f1xx_hal_cortex.o(.revsh_text), (4 bytes).
    Removing stm32f1xx_hal_cortex.o(.rrx_text), (6 bytes).
    Removing stm32f1xx_hal_cortex.o(i.HAL_NVIC_ClearPendingIRQ), (26 bytes).
    Removing stm32f1xx_hal_cortex.o(i.HAL_NVIC_DisableIRQ), (34 bytes).
    Removing stm32f1xx_hal_cortex.o(i.HAL_NVIC_EnableIRQ), (26 bytes).
    Removing stm32f1xx_hal_cortex.o(i.HAL_NVIC_GetActive), (36 bytes).
    Removing stm32f1xx_hal_cortex.o(i.HAL_NVIC_GetPendingIRQ), (36 bytes).
    Removing stm32f1xx_hal_cortex.o(i.HAL_NVIC_GetPriority), (82 bytes).
    Removing stm32f1xx_hal_cortex.o(i.HAL_NVIC_GetPriorityGrouping), (16 bytes).
    Removing stm32f1xx_hal_cortex.o(i.HAL_NVIC_SetPendingIRQ), (26 bytes).
    Removing stm32f1xx_hal_cortex.o(i.HAL_NVIC_SystemReset), (36 bytes).
    Removing stm32f1xx_hal_cortex.o(i.HAL_SYSTICK_CLKSourceConfig), (24 bytes).
    Removing stm32f1xx_hal_cortex.o(i.HAL_SYSTICK_Callback), (2 bytes).
    Removing stm32f1xx_hal_cortex.o(i.HAL_SYSTICK_IRQHandler), (8 bytes).
    Removing stm32f1xx_hal_pwr.o(.rev16_text), (4 bytes).
    Removing stm32f1xx_hal_pwr.o(.revsh_text), (4 bytes).
    Removing stm32f1xx_hal_pwr.o(.rrx_text), (6 bytes).
    Removing stm32f1xx_hal_pwr.o(i.HAL_PWR_ConfigPVD), (124 bytes).
    Removing stm32f1xx_hal_pwr.o(i.HAL_PWR_DeInit), (24 bytes).
    Removing stm32f1xx_hal_pwr.o(i.HAL_PWR_DisableBkUpAccess), (12 bytes).
    Removing stm32f1xx_hal_pwr.o(i.HAL_PWR_DisablePVD), (12 bytes).
    Removing stm32f1xx_hal_pwr.o(i.HAL_PWR_DisableSEVOnPend), (16 bytes).
    Removing stm32f1xx_hal_pwr.o(i.HAL_PWR_DisableSleepOnExit), (16 bytes).
    Removing stm32f1xx_hal_pwr.o(i.HAL_PWR_DisableWakeUpPin), (28 bytes).
    Removing stm32f1xx_hal_pwr.o(i.HAL_PWR_EnableBkUpAccess), (12 bytes).
    Removing stm32f1xx_hal_pwr.o(i.HAL_PWR_EnablePVD), (12 bytes).
    Removing stm32f1xx_hal_pwr.o(i.HAL_PWR_EnableSEVOnPend), (16 bytes).
    Removing stm32f1xx_hal_pwr.o(i.HAL_PWR_EnableSleepOnExit), (16 bytes).
    Removing stm32f1xx_hal_pwr.o(i.HAL_PWR_EnableWakeUpPin), (28 bytes).
    Removing stm32f1xx_hal_pwr.o(i.HAL_PWR_EnterSLEEPMode), (32 bytes).
    Removing stm32f1xx_hal_pwr.o(i.HAL_PWR_EnterSTANDBYMode), (32 bytes).
    Removing stm32f1xx_hal_pwr.o(i.HAL_PWR_EnterSTOPMode), (68 bytes).
    Removing stm32f1xx_hal_pwr.o(i.HAL_PWR_PVDCallback), (2 bytes).
    Removing stm32f1xx_hal_pwr.o(i.HAL_PWR_PVD_IRQHandler), (28 bytes).
    Removing stm32f1xx_hal_pwr.o(i.PWR_OverloadWfe), (6 bytes).
    Removing stm32f1xx_hal_flash.o(.rev16_text), (4 bytes).
    Removing stm32f1xx_hal_flash.o(.revsh_text), (4 bytes).
    Removing stm32f1xx_hal_flash.o(.rrx_text), (6 bytes).
    Removing stm32f1xx_hal_flash.o(i.FLASH_Program_HalfWord), (28 bytes).
    Removing stm32f1xx_hal_flash.o(i.FLASH_SetErrorCode), (92 bytes).
    Removing stm32f1xx_hal_flash.o(i.FLASH_WaitForLastOperation), (84 bytes).
    Removing stm32f1xx_hal_flash.o(i.HAL_FLASH_EndOfOperationCallback), (2 bytes).
    Removing stm32f1xx_hal_flash.o(i.HAL_FLASH_GetError), (12 bytes).
    Removing stm32f1xx_hal_flash.o(i.HAL_FLASH_IRQHandler), (264 bytes).
    Removing stm32f1xx_hal_flash.o(i.HAL_FLASH_Lock), (20 bytes).
    Removing stm32f1xx_hal_flash.o(i.HAL_FLASH_OB_Launch), (4 bytes).
    Removing stm32f1xx_hal_flash.o(i.HAL_FLASH_OB_Lock), (20 bytes).
    Removing stm32f1xx_hal_flash.o(i.HAL_FLASH_OB_Unlock), (36 bytes).
    Removing stm32f1xx_hal_flash.o(i.HAL_FLASH_OperationErrorCallback), (2 bytes).
    Removing stm32f1xx_hal_flash.o(i.HAL_FLASH_Program), (128 bytes).
    Removing stm32f1xx_hal_flash.o(i.HAL_FLASH_Program_IT), (100 bytes).
    Removing stm32f1xx_hal_flash.o(i.HAL_FLASH_Unlock), (40 bytes).
    Removing stm32f1xx_hal_flash.o(.bss), (32 bytes).
    Removing stm32f1xx_hal_flash_ex.o(.rev16_text), (4 bytes).
    Removing stm32f1xx_hal_flash_ex.o(.revsh_text), (4 bytes).
    Removing stm32f1xx_hal_flash_ex.o(.rrx_text), (6 bytes).
    Removing stm32f1xx_hal_flash_ex.o(i.FLASH_MassErase), (36 bytes).
    Removing stm32f1xx_hal_flash_ex.o(i.FLASH_OB_DisableWRP), (176 bytes).
    Removing stm32f1xx_hal_flash_ex.o(i.FLASH_OB_EnableWRP), (176 bytes).
    Removing stm32f1xx_hal_flash_ex.o(i.FLASH_OB_GetRDP), (24 bytes).
    Removing stm32f1xx_hal_flash_ex.o(i.FLASH_OB_RDP_LevelConfig), (100 bytes).
    Removing stm32f1xx_hal_flash_ex.o(i.FLASH_PageErase), (36 bytes).
    Removing stm32f1xx_hal_flash_ex.o(i.HAL_FLASHEx_Erase), (168 bytes).
    Removing stm32f1xx_hal_flash_ex.o(i.HAL_FLASHEx_Erase_IT), (84 bytes).
    Removing stm32f1xx_hal_flash_ex.o(i.HAL_FLASHEx_OBErase), (84 bytes).
    Removing stm32f1xx_hal_flash_ex.o(i.HAL_FLASHEx_OBGetConfig), (36 bytes).
    Removing stm32f1xx_hal_flash_ex.o(i.HAL_FLASHEx_OBGetUserData), (32 bytes).
    Removing stm32f1xx_hal_flash_ex.o(i.HAL_FLASHEx_OBProgram), (200 bytes).
    Removing stm32f1xx_hal_exti.o(.rev16_text), (4 bytes).
    Removing stm32f1xx_hal_exti.o(.revsh_text), (4 bytes).
    Removing stm32f1xx_hal_exti.o(.rrx_text), (6 bytes).
    Removing stm32f1xx_hal_exti.o(i.HAL_EXTI_ClearConfigLine), (104 bytes).
    Removing stm32f1xx_hal_exti.o(i.HAL_EXTI_ClearPending), (20 bytes).
    Removing stm32f1xx_hal_exti.o(i.HAL_EXTI_GenerateSWI), (20 bytes).
    Removing stm32f1xx_hal_exti.o(i.HAL_EXTI_GetConfigLine), (152 bytes).
    Removing stm32f1xx_hal_exti.o(i.HAL_EXTI_GetHandle), (12 bytes).
    Removing stm32f1xx_hal_exti.o(i.HAL_EXTI_GetPending), (24 bytes).
    Removing stm32f1xx_hal_exti.o(i.HAL_EXTI_IRQHandler), (36 bytes).
    Removing stm32f1xx_hal_exti.o(i.HAL_EXTI_RegisterCallback), (14 bytes).
    Removing stm32f1xx_hal_exti.o(i.HAL_EXTI_SetConfigLine), (164 bytes).
    Removing stm32f1xx_hal_tim.o(.rev16_text), (4 bytes).
    Removing stm32f1xx_hal_tim.o(.revsh_text), (4 bytes).
    Removing stm32f1xx_hal_tim.o(.rrx_text), (6 bytes).
    Removing stm32f1xx_hal_tim_ex.o(.rev16_text), (4 bytes).
    Removing stm32f1xx_hal_tim_ex.o(.revsh_text), (4 bytes).
    Removing stm32f1xx_hal_tim_ex.o(.rrx_text), (6 bytes).
    Removing system_stm32f1xx.o(.rev16_text), (4 bytes).
    Removing system_stm32f1xx.o(.revsh_text), (4 bytes).
    Removing system_stm32f1xx.o(.rrx_text), (6 bytes).
    Removing system_stm32f1xx.o(i.SystemCoreClockUpdate), (104 bytes).

260 unused section(s) (total 26448 bytes) removed from the image.

==============================================================================

Image Symbol Table

    Local Symbols

    Symbol Name                              Value     Ov Type        Size  Object(Section)

    ../Drivers/STM32F1xx_HAL_Driver/Src/stm32f1xx_hal.c 0x00000000   Number         0  stm32f1xx_hal.o ABSOLUTE
    ../Drivers/STM32F1xx_HAL_Driver/Src/stm32f1xx_hal_cortex.c 0x00000000   Number         0  stm32f1xx_hal_cortex.o ABSOLUTE
    ../Drivers/STM32F1xx_HAL_Driver/Src/stm32f1xx_hal_dma.c 0x00000000   Number         0  stm32f1xx_hal_dma.o ABSOLUTE
    ../Drivers/STM32F1xx_HAL_Driver/Src/stm32f1xx_hal_exti.c 0x00000000   Number         0  stm32f1xx_hal_exti.o ABSOLUTE
    ../Drivers/STM32F1xx_HAL_Driver/Src/stm32f1xx_hal_flash.c 0x00000000   Number         0  stm32f1xx_hal_flash.o ABSOLUTE
    ../Drivers/STM32F1xx_HAL_Driver/Src/stm32f1xx_hal_flash_ex.c 0x00000000   Number         0  stm32f1xx_hal_flash_ex.o ABSOLUTE
    ../Drivers/STM32F1xx_HAL_Driver/Src/stm32f1xx_hal_gpio.c 0x00000000   Number         0  stm32f1xx_hal_gpio.o ABSOLUTE
    ../Drivers/STM32F1xx_HAL_Driver/Src/stm32f1xx_hal_gpio_ex.c 0x00000000   Number         0  stm32f1xx_hal_gpio_ex.o ABSOLUTE
    ../Drivers/STM32F1xx_HAL_Driver/Src/stm32f1xx_hal_i2c.c 0x00000000   Number         0  stm32f1xx_hal_i2c.o ABSOLUTE
    ../Drivers/STM32F1xx_HAL_Driver/Src/stm32f1xx_hal_pwr.c 0x00000000   Number         0  stm32f1xx_hal_pwr.o ABSOLUTE
    ../Drivers/STM32F1xx_HAL_Driver/Src/stm32f1xx_hal_rcc.c 0x00000000   Number         0  stm32f1xx_hal_rcc.o ABSOLUTE
    ../Drivers/STM32F1xx_HAL_Driver/Src/stm32f1xx_hal_rcc_ex.c 0x00000000   Number         0  stm32f1xx_hal_rcc_ex.o ABSOLUTE
    ../Drivers/STM32F1xx_HAL_Driver/Src/stm32f1xx_hal_tim.c 0x00000000   Number         0  stm32f1xx_hal_tim.o ABSOLUTE
    ../Drivers/STM32F1xx_HAL_Driver/Src/stm32f1xx_hal_tim_ex.c 0x00000000   Number         0  stm32f1xx_hal_tim_ex.o ABSOLUTE
    ../Src/main.c                            0x00000000   Number         0  main.o ABSOLUTE
    ../Src/stm32f1xx_hal_msp.c               0x00000000   Number         0  stm32f1xx_hal_msp.o ABSOLUTE
    ../Src/stm32f1xx_it.c                    0x00000000   Number         0  stm32f1xx_it.o ABSOLUTE
    ../Src/system_stm32f1xx.c                0x00000000   Number         0  system_stm32f1xx.o ABSOLUTE
    ../clib/microlib/init/entry.s            0x00000000   Number         0  entry9a.o ABSOLUTE
    ../clib/microlib/init/entry.s            0x00000000   Number         0  entry8a.o ABSOLUTE
    ../clib/microlib/init/entry.s            0x00000000   Number         0  entry7b.o ABSOLUTE
    ../clib/microlib/init/entry.s            0x00000000   Number         0  entry.o ABSOLUTE
    ../clib/microlib/init/entry.s            0x00000000   Number         0  entry2.o ABSOLUTE
    ../clib/microlib/init/entry.s            0x00000000   Number         0  entry8b.o ABSOLUTE
    ../clib/microlib/init/entry.s            0x00000000   Number         0  entry7a.o ABSOLUTE
    ../clib/microlib/init/entry.s            0x00000000   Number         0  entry5.o ABSOLUTE
    ../clib/microlib/init/entry.s            0x00000000   Number         0  entry9b.o ABSOLUTE
    ../clib/microlib/init/entry.s            0x00000000   Number         0  entry10a.o ABSOLUTE
    ../clib/microlib/init/entry.s            0x00000000   Number         0  entry10b.o ABSOLUTE
    ../clib/microlib/init/entry.s            0x00000000   Number         0  entry11a.o ABSOLUTE
    ../clib/microlib/init/entry.s            0x00000000   Number         0  entry11b.o ABSOLUTE
    ../clib/microlib/longlong.c              0x00000000   Number         0  llushr.o ABSOLUTE
    ../clib/microlib/string/memset.c         0x00000000   Number         0  memseta.o ABSOLUTE
    ../clib/microlib/string/strlen.c         0x00000000   Number         0  strlen.o ABSOLUTE
    ..\Drivers\STM32F1xx_HAL_Driver\Src\stm32f1xx_hal.c 0x00000000   Number         0  stm32f1xx_hal.o ABSOLUTE
    ..\Drivers\STM32F1xx_HAL_Driver\Src\stm32f1xx_hal_cortex.c 0x00000000   Number         0  stm32f1xx_hal_cortex.o ABSOLUTE
    ..\Drivers\STM32F1xx_HAL_Driver\Src\stm32f1xx_hal_dma.c 0x00000000   Number         0  stm32f1xx_hal_dma.o ABSOLUTE
    ..\Drivers\STM32F1xx_HAL_Driver\Src\stm32f1xx_hal_exti.c 0x00000000   Number         0  stm32f1xx_hal_exti.o ABSOLUTE
    ..\Drivers\STM32F1xx_HAL_Driver\Src\stm32f1xx_hal_flash.c 0x00000000   Number         0  stm32f1xx_hal_flash.o ABSOLUTE
    ..\Drivers\STM32F1xx_HAL_Driver\Src\stm32f1xx_hal_flash_ex.c 0x00000000   Number         0  stm32f1xx_hal_flash_ex.o ABSOLUTE
    ..\Drivers\STM32F1xx_HAL_Driver\Src\stm32f1xx_hal_gpio.c 0x00000000   Number         0  stm32f1xx_hal_gpio.o ABSOLUTE
    ..\Drivers\STM32F1xx_HAL_Driver\Src\stm32f1xx_hal_gpio_ex.c 0x00000000   Number         0  stm32f1xx_hal_gpio_ex.o ABSOLUTE
    ..\Drivers\STM32F1xx_HAL_Driver\Src\stm32f1xx_hal_i2c.c 0x00000000   Number         0  stm32f1xx_hal_i2c.o ABSOLUTE
    ..\Drivers\STM32F1xx_HAL_Driver\Src\stm32f1xx_hal_pwr.c 0x00000000   Number         0  stm32f1xx_hal_pwr.o ABSOLUTE
    ..\Drivers\STM32F1xx_HAL_Driver\Src\stm32f1xx_hal_rcc.c 0x00000000   Number         0  stm32f1xx_hal_rcc.o ABSOLUTE
    ..\Drivers\STM32F1xx_HAL_Driver\Src\stm32f1xx_hal_rcc_ex.c 0x00000000   Number         0  stm32f1xx_hal_rcc_ex.o ABSOLUTE
    ..\Drivers\STM32F1xx_HAL_Driver\Src\stm32f1xx_hal_tim.c 0x00000000   Number         0  stm32f1xx_hal_tim.o ABSOLUTE
    ..\Drivers\STM32F1xx_HAL_Driver\Src\stm32f1xx_hal_tim_ex.c 0x00000000   Number         0  stm32f1xx_hal_tim_ex.o ABSOLUTE
    ..\Src\fonts.c                           0x00000000   Number         0  fonts.o ABSOLUTE
    ..\Src\main.c                            0x00000000   Number         0  main.o ABSOLUTE
    ..\Src\stm32f1xx_hal_msp.c               0x00000000   Number         0  stm32f1xx_hal_msp.o ABSOLUTE
    ..\Src\stm32f1xx_it.c                    0x00000000   Number         0  stm32f1xx_it.o ABSOLUTE
    ..\Src\system_stm32f1xx.c                0x00000000   Number         0  system_stm32f1xx.o ABSOLUTE
    ..\Src\test.c                            0x00000000   Number         0  test.o ABSOLUTE
    ..\\Src\\fonts.c                         0x00000000   Number         0  fonts.o ABSOLUTE
    ..\\Src\\test.c                          0x00000000   Number         0  test.o ABSOLUTE
    D:\Common Lib\Device Lib\Src\OLED_LCD_SSD1306.c 0x00000000   Number         0  oled_lcd_ssd1306.o ABSOLUTE
    D:\\Common Lib\\Device Lib\\Src\\OLED_LCD_SSD1306.c 0x00000000   Number         0  oled_lcd_ssd1306.o ABSOLUTE
    dc.s                                     0x00000000   Number         0  dc.o ABSOLUTE
    handlers.s                               0x00000000   Number         0  handlers.o ABSOLUTE
    init.s                                   0x00000000   Number         0  init.o ABSOLUTE
    startup_stm32f103xb.s                    0x00000000   Number         0  startup_stm32f103xb.o ABSOLUTE
    RESET                                    0x08000000   Section      236  startup_stm32f103xb.o(RESET)
    .ARM.Collect$$$$00000000                 0x080000ec   Section        0  entry.o(.ARM.Collect$$$$00000000)
    .ARM.Collect$$$$00000001                 0x080000ec   Section        4  entry2.o(.ARM.Collect$$$$00000001)
    .ARM.Collect$$$$00000004                 0x080000f0   Section        4  entry5.o(.ARM.Collect$$$$00000004)
    .ARM.Collect$$$$00000008                 0x080000f4   Section        0  entry7b.o(.ARM.Collect$$$$00000008)
    .ARM.Collect$$$$0000000A                 0x080000f4   Section        0  entry8b.o(.ARM.Collect$$$$0000000A)
    .ARM.Collect$$$$0000000B                 0x080000f4   Section        8  entry9a.o(.ARM.Collect$$$$0000000B)
    .ARM.Collect$$$$0000000D                 0x080000fc   Section        0  entry10a.o(.ARM.Collect$$$$0000000D)
    .ARM.Collect$$$$0000000F                 0x080000fc   Section        0  entry11a.o(.ARM.Collect$$$$0000000F)
    .ARM.Collect$$$$00002712                 0x080000fc   Section        4  entry2.o(.ARM.Collect$$$$00002712)
    __lit__00000000                          0x080000fc   Data           4  entry2.o(.ARM.Collect$$$$00002712)
    .text                                    0x08000100   Section       36  startup_stm32f103xb.o(.text)
    .text                                    0x08000124   Section        0  memseta.o(.text)
    .text                                    0x08000148   Section       36  init.o(.text)
    i.BusFault_Handler                       0x0800016c   Section        0  stm32f1xx_it.o(i.BusFault_Handler)
    i.DebugMon_Handler                       0x0800016e   Section        0  stm32f1xx_it.o(i.DebugMon_Handler)
    i.HAL_Delay                              0x08000170   Section        0  stm32f1xx_hal.o(i.HAL_Delay)
    i.HAL_GPIO_Init                          0x08000194   Section        0  stm32f1xx_hal_gpio.o(i.HAL_GPIO_Init)
    i.HAL_GetTick                            0x08000374   Section        0  stm32f1xx_hal.o(i.HAL_GetTick)
    i.HAL_I2C_Init                           0x08000380   Section        0  stm32f1xx_hal_i2c.o(i.HAL_I2C_Init)
    i.HAL_I2C_IsDeviceReady                  0x080004f4   Section        0  stm32f1xx_hal_i2c.o(i.HAL_I2C_IsDeviceReady)
    i.HAL_I2C_Master_Transmit                0x0800064c   Section        0  stm32f1xx_hal_i2c.o(i.HAL_I2C_Master_Transmit)
    i.HAL_I2C_MspInit                        0x08000778   Section        0  stm32f1xx_hal_msp.o(i.HAL_I2C_MspInit)
    i.HAL_IncTick                            0x080007d4   Section        0  stm32f1xx_hal.o(i.HAL_IncTick)
    i.HAL_Init                               0x080007e4   Section        0  stm32f1xx_hal.o(i.HAL_Init)
    i.HAL_InitTick                           0x08000808   Section        0  stm32f1xx_hal.o(i.HAL_InitTick)
    i.HAL_MspInit                            0x08000848   Section        0  stm32f1xx_hal_msp.o(i.HAL_MspInit)
    i.HAL_NVIC_SetPriority                   0x08000884   Section        0  stm32f1xx_hal_cortex.o(i.HAL_NVIC_SetPriority)
    i.HAL_NVIC_SetPriorityGrouping           0x080008c4   Section        0  stm32f1xx_hal_cortex.o(i.HAL_NVIC_SetPriorityGrouping)
    i.HAL_RCC_ClockConfig                    0x080008e8   Section        0  stm32f1xx_hal_rcc.o(i.HAL_RCC_ClockConfig)
    i.HAL_RCC_GetPCLK1Freq                   0x08000a14   Section        0  stm32f1xx_hal_rcc.o(i.HAL_RCC_GetPCLK1Freq)
    i.HAL_RCC_GetSysClockFreq                0x08000a34   Section        0  stm32f1xx_hal_rcc.o(i.HAL_RCC_GetSysClockFreq)
    i.HAL_RCC_OscConfig                      0x08000aa0   Section        0  stm32f1xx_hal_rcc.o(i.HAL_RCC_OscConfig)
    i.HAL_SYSTICK_Config                     0x08000dc0   Section        0  stm32f1xx_hal_cortex.o(i.HAL_SYSTICK_Config)
    i.HardFault_Handler                      0x08000de8   Section        0  stm32f1xx_it.o(i.HardFault_Handler)
    i.I2C_IsAcknowledgeFailed                0x08000dea   Section        0  stm32f1xx_hal_i2c.o(i.I2C_IsAcknowledgeFailed)
    I2C_IsAcknowledgeFailed                  0x08000deb   Thumb Code    46  stm32f1xx_hal_i2c.o(i.I2C_IsAcknowledgeFailed)
    i.I2C_MasterRequestWrite                 0x08000e18   Section        0  stm32f1xx_hal_i2c.o(i.I2C_MasterRequestWrite)
    I2C_MasterRequestWrite                   0x08000e19   Thumb Code   132  stm32f1xx_hal_i2c.o(i.I2C_MasterRequestWrite)
    i.I2C_WaitOnBTFFlagUntilTimeout          0x08000ea0   Section        0  stm32f1xx_hal_i2c.o(i.I2C_WaitOnBTFFlagUntilTimeout)
    I2C_WaitOnBTFFlagUntilTimeout            0x08000ea1   Thumb Code    76  stm32f1xx_hal_i2c.o(i.I2C_WaitOnBTFFlagUntilTimeout)
    i.I2C_WaitOnFlagUntilTimeout             0x08000eec   Section        0  stm32f1xx_hal_i2c.o(i.I2C_WaitOnFlagUntilTimeout)
    I2C_WaitOnFlagUntilTimeout               0x08000eed   Thumb Code   104  stm32f1xx_hal_i2c.o(i.I2C_WaitOnFlagUntilTimeout)
    i.I2C_WaitOnMasterAddressFlagUntilTimeout 0x08000f54   Section        0  stm32f1xx_hal_i2c.o(i.I2C_WaitOnMasterAddressFlagUntilTimeout)
    I2C_WaitOnMasterAddressFlagUntilTimeout  0x08000f55   Thumb Code   150  stm32f1xx_hal_i2c.o(i.I2C_WaitOnMasterAddressFlagUntilTimeout)
    i.I2C_WaitOnTXEFlagUntilTimeout          0x08000fea   Section        0  stm32f1xx_hal_i2c.o(i.I2C_WaitOnTXEFlagUntilTimeout)
    I2C_WaitOnTXEFlagUntilTimeout            0x08000feb   Thumb Code    76  stm32f1xx_hal_i2c.o(i.I2C_WaitOnTXEFlagUntilTimeout)
    i.MemManage_Handler                      0x08001036   Section        0  stm32f1xx_it.o(i.MemManage_Handler)
    i.NMI_Handler                            0x08001038   Section        0  stm32f1xx_it.o(i.NMI_Handler)
    i.PendSV_Handler                         0x0800103a   Section        0  stm32f1xx_it.o(i.PendSV_Handler)
    i.SSD1306_Clear                          0x0800103c   Section        0  oled_lcd_ssd1306.o(i.SSD1306_Clear)
    i.SSD1306_DrawBitmap                     0x08001050   Section        0  oled_lcd_ssd1306.o(i.SSD1306_DrawBitmap)
    i.SSD1306_DrawCircle                     0x080010c0   Section        0  oled_lcd_ssd1306.o(i.SSD1306_DrawCircle)
    i.SSD1306_DrawFilledCircle               0x080011e4   Section        0  oled_lcd_ssd1306.o(i.SSD1306_DrawFilledCircle)
    i.SSD1306_DrawFilledRectangle            0x080012e4   Section        0  oled_lcd_ssd1306.o(i.SSD1306_DrawFilledRectangle)
    i.SSD1306_DrawLine                       0x0800133a   Section        0  oled_lcd_ssd1306.o(i.SSD1306_DrawLine)
    i.SSD1306_DrawPixel                      0x0800144e   Section        0  oled_lcd_ssd1306.o(i.SSD1306_DrawPixel)
    i.SSD1306_DrawRectangle                  0x08001488   Section        0  oled_lcd_ssd1306.o(i.SSD1306_DrawRectangle)
    i.SSD1306_DrawTriangle                   0x08001506   Section        0  oled_lcd_ssd1306.o(i.SSD1306_DrawTriangle)
    i.SSD1306_Fill                           0x08001546   Section        0  oled_lcd_ssd1306.o(i.SSD1306_Fill)
    i.SSD1306_GotoXY                         0x08001558   Section        0  oled_lcd_ssd1306.o(i.SSD1306_GotoXY)
    i.SSD1306_Init                           0x08001562   Section        0  oled_lcd_ssd1306.o(i.SSD1306_Init)
    i.SSD1306_InvertDisplay                  0x08001690   Section        0  oled_lcd_ssd1306.o(i.SSD1306_InvertDisplay)
    i.SSD1306_Putc                           0x0800169c   Section        0  oled_lcd_ssd1306.o(i.SSD1306_Putc)
    i.SSD1306_Puts                           0x0800173e   Section        0  oled_lcd_ssd1306.o(i.SSD1306_Puts)
    i.SSD1306_ScrollLeft                     0x08001766   Section        0  oled_lcd_ssd1306.o(i.SSD1306_ScrollLeft)
    i.SSD1306_ScrollRight                    0x080017b0   Section        0  oled_lcd_ssd1306.o(i.SSD1306_ScrollRight)
    i.SSD1306_Scrolldiagleft                 0x080017fa   Section        0  oled_lcd_ssd1306.o(i.SSD1306_Scrolldiagleft)
    i.SSD1306_Scrolldiagright                0x08001854   Section        0  oled_lcd_ssd1306.o(i.SSD1306_Scrolldiagright)
    i.SSD1306_Stopscroll                     0x080018ae   Section        0  oled_lcd_ssd1306.o(i.SSD1306_Stopscroll)
    i.SSD1306_UpdateScreen                   0x080018b4   Section        0  oled_lcd_ssd1306.o(i.SSD1306_UpdateScreen)
    i.SSD1306_WriteCmd                       0x08001920   Section        0  oled_lcd_ssd1306.o(i.SSD1306_WriteCmd)
    SSD1306_WriteCmd                         0x08001921   Thumb Code    34  oled_lcd_ssd1306.o(i.SSD1306_WriteCmd)
    i.SVC_Handler                            0x08001942   Section        0  stm32f1xx_it.o(i.SVC_Handler)
    i.SysTick_Handler                        0x08001944   Section        0  stm32f1xx_it.o(i.SysTick_Handler)
    i.SystemClock_Config                     0x08001948   Section        0  main.o(i.SystemClock_Config)
    i.SystemInit                             0x08001998   Section        0  system_stm32f1xx.o(i.SystemInit)
    i.TestCircles                            0x080019e0   Section        0  test.o(i.TestCircles)
    i.TestFilledCircles                      0x08001a44   Section        0  test.o(i.TestFilledCircles)
    i.TestFilledRectangles                   0x08001aa4   Section        0  test.o(i.TestFilledRectangles)
    i.TestLines                              0x08001ae8   Section        0  test.o(i.TestLines)
    i.TestRectangles                         0x08001c74   Section        0  test.o(i.TestRectangles)
    i.TestTriangles                          0x08001cb8   Section        0  test.o(i.TestTriangles)
    i.UsageFault_Handler                     0x08001d04   Section        0  stm32f1xx_it.o(i.UsageFault_Handler)
    i.__NVIC_SetPriority                     0x08001d06   Section        0  stm32f1xx_hal_cortex.o(i.__NVIC_SetPriority)
    __NVIC_SetPriority                       0x08001d07   Thumb Code    32  stm32f1xx_hal_cortex.o(i.__NVIC_SetPriority)
    i.__scatterload_copy                     0x08001d26   Section       14  handlers.o(i.__scatterload_copy)
    i.__scatterload_null                     0x08001d34   Section        2  handlers.o(i.__scatterload_null)
    i.__scatterload_zeroinit                 0x08001d36   Section       14  handlers.o(i.__scatterload_zeroinit)
    i.main                                   0x08001d44   Section        0  main.o(i.main)
    .constdata                               0x080020e0   Section    11264  main.o(.constdata)
    .constdata                               0x08004ce0   Section     3420  fonts.o(.constdata)
    .constdata                               0x08005a3c   Section       16  system_stm32f1xx.o(.constdata)
    .constdata                               0x08005a4c   Section        8  system_stm32f1xx.o(.constdata)
    .data                                    0x20000000   Section        8  fonts.o(.data)
    .data                                    0x20000008   Section       12  stm32f1xx_hal.o(.data)
    .data                                    0x20000014   Section        4  system_stm32f1xx.o(.data)
    .bss                                     0x20000018   Section     1152  main.o(.bss)
    STACK                                    0x20000498   Section     1024  startup_stm32f103xb.o(STACK)

    Global Symbols

    Symbol Name                              Value     Ov Type        Size  Object(Section)

    BuildAttributes$$THM_ISAv4$P$D$K$B$S$PE$A:L22UL41UL21$X:L11$S22US41US21$IEEE1$IW$USESV6$~STKCKD$USESV7$~SHL$OSPACE$EBA8$MICROLIB$REQ8$PRES8$EABIv2 0x00000000   Number         0  anon$$obj.o ABSOLUTE
    __ARM_use_no_argv                        0x00000000   Number         0  main.o ABSOLUTE
    __cpp_initialize__aeabi_                  - Undefined Weak Reference
    __cxa_finalize                            - Undefined Weak Reference
    __decompress                              - Undefined Weak Reference
    _clock_init                               - Undefined Weak Reference
    _microlib_exit                            - Undefined Weak Reference
    __Vectors_Size                           0x000000ec   Number         0  startup_stm32f103xb.o ABSOLUTE
    __Vectors                                0x08000000   Data           4  startup_stm32f103xb.o(RESET)
    __Vectors_End                            0x080000ec   Data           0  startup_stm32f103xb.o(RESET)
    __main                                   0x080000ed   Thumb Code     0  entry.o(.ARM.Collect$$$$00000000)
    _main_stk                                0x080000ed   Thumb Code     0  entry2.o(.ARM.Collect$$$$00000001)
    _main_scatterload                        0x080000f1   Thumb Code     0  entry5.o(.ARM.Collect$$$$00000004)
    __main_after_scatterload                 0x080000f5   Thumb Code     0  entry5.o(.ARM.Collect$$$$00000004)
    _main_clock                              0x080000f5   Thumb Code     0  entry7b.o(.ARM.Collect$$$$00000008)
    _main_cpp_init                           0x080000f5   Thumb Code     0  entry8b.o(.ARM.Collect$$$$0000000A)
    _main_init                               0x080000f5   Thumb Code     0  entry9a.o(.ARM.Collect$$$$0000000B)
    __rt_final_cpp                           0x080000fd   Thumb Code     0  entry10a.o(.ARM.Collect$$$$0000000D)
    __rt_final_exit                          0x080000fd   Thumb Code     0  entry11a.o(.ARM.Collect$$$$0000000F)
    Reset_Handler                            0x08000101   Thumb Code     8  startup_stm32f103xb.o(.text)
    ADC1_2_IRQHandler                        0x0800011b   Thumb Code     0  startup_stm32f103xb.o(.text)
    CAN1_RX1_IRQHandler                      0x0800011b   Thumb Code     0  startup_stm32f103xb.o(.text)
    CAN1_SCE_IRQHandler                      0x0800011b   Thumb Code     0  startup_stm32f103xb.o(.text)
    DMA1_Channel1_IRQHandler                 0x0800011b   Thumb Code     0  startup_stm32f103xb.o(.text)
    DMA1_Channel2_IRQHandler                 0x0800011b   Thumb Code     0  startup_stm32f103xb.o(.text)
    DMA1_Channel3_IRQHandler                 0x0800011b   Thumb Code     0  startup_stm32f103xb.o(.text)
    DMA1_Channel4_IRQHandler                 0x0800011b   Thumb Code     0  startup_stm32f103xb.o(.text)
    DMA1_Channel5_IRQHandler                 0x0800011b   Thumb Code     0  startup_stm32f103xb.o(.text)
    DMA1_Channel6_IRQHandler                 0x0800011b   Thumb Code     0  startup_stm32f103xb.o(.text)
    DMA1_Channel7_IRQHandler                 0x0800011b   Thumb Code     0  startup_stm32f103xb.o(.text)
    EXTI0_IRQHandler                         0x0800011b   Thumb Code     0  startup_stm32f103xb.o(.text)
    EXTI15_10_IRQHandler                     0x0800011b   Thumb Code     0  startup_stm32f103xb.o(.text)
    EXTI1_IRQHandler                         0x0800011b   Thumb Code     0  startup_stm32f103xb.o(.text)
    EXTI2_IRQHandler                         0x0800011b   Thumb Code     0  startup_stm32f103xb.o(.text)
    EXTI3_IRQHandler                         0x0800011b   Thumb Code     0  startup_stm32f103xb.o(.text)
    EXTI4_IRQHandler                         0x0800011b   Thumb Code     0  startup_stm32f103xb.o(.text)
    EXTI9_5_IRQHandler                       0x0800011b   Thumb Code     0  startup_stm32f103xb.o(.text)
    FLASH_IRQHandler                         0x0800011b   Thumb Code     0  startup_stm32f103xb.o(.text)
    I2C1_ER_IRQHandler                       0x0800011b   Thumb Code     0  startup_stm32f103xb.o(.text)
    I2C1_EV_IRQHandler                       0x0800011b   Thumb Code     0  startup_stm32f103xb.o(.text)
    I2C2_ER_IRQHandler                       0x0800011b   Thumb Code     0  startup_stm32f103xb.o(.text)
    I2C2_EV_IRQHandler                       0x0800011b   Thumb Code     0  startup_stm32f103xb.o(.text)
    PVD_IRQHandler                           0x0800011b   Thumb Code     0  startup_stm32f103xb.o(.text)
    RCC_IRQHandler                           0x0800011b   Thumb Code     0  startup_stm32f103xb.o(.text)
    RTC_Alarm_IRQHandler                     0x0800011b   Thumb Code     0  startup_stm32f103xb.o(.text)
    RTC_IRQHandler                           0x0800011b   Thumb Code     0  startup_stm32f103xb.o(.text)
    SPI1_IRQHandler                          0x0800011b   Thumb Code     0  startup_stm32f103xb.o(.text)
    SPI2_IRQHandler                          0x0800011b   Thumb Code     0  startup_stm32f103xb.o(.text)
    TAMPER_IRQHandler                        0x0800011b   Thumb Code     0  startup_stm32f103xb.o(.text)
    TIM1_BRK_IRQHandler                      0x0800011b   Thumb Code     0  startup_stm32f103xb.o(.text)
    TIM1_CC_IRQHandler                       0x0800011b   Thumb Code     0  startup_stm32f103xb.o(.text)
    TIM1_TRG_COM_IRQHandler                  0x0800011b   Thumb Code     0  startup_stm32f103xb.o(.text)
    TIM1_UP_IRQHandler                       0x0800011b   Thumb Code     0  startup_stm32f103xb.o(.text)
    TIM2_IRQHandler                          0x0800011b   Thumb Code     0  startup_stm32f103xb.o(.text)
    TIM3_IRQHandler                          0x0800011b   Thumb Code     0  startup_stm32f103xb.o(.text)
    TIM4_IRQHandler                          0x0800011b   Thumb Code     0  startup_stm32f103xb.o(.text)
    USART1_IRQHandler                        0x0800011b   Thumb Code     0  startup_stm32f103xb.o(.text)
    USART2_IRQHandler                        0x0800011b   Thumb Code     0  startup_stm32f103xb.o(.text)
    USART3_IRQHandler                        0x0800011b   Thumb Code     0  startup_stm32f103xb.o(.text)
    USBWakeUp_IRQHandler                     0x0800011b   Thumb Code     0  startup_stm32f103xb.o(.text)
    USB_HP_CAN1_TX_IRQHandler                0x0800011b   Thumb Code     0  startup_stm32f103xb.o(.text)
    USB_LP_CAN1_RX0_IRQHandler               0x0800011b   Thumb Code     0  startup_stm32f103xb.o(.text)
    WWDG_IRQHandler                          0x0800011b   Thumb Code     0  startup_stm32f103xb.o(.text)
    __aeabi_memset                           0x08000125   Thumb Code    14  memseta.o(.text)
    __aeabi_memset4                          0x08000125   Thumb Code     0  memseta.o(.text)
    __aeabi_memset8                          0x08000125   Thumb Code     0  memseta.o(.text)
    __aeabi_memclr                           0x08000133   Thumb Code     4  memseta.o(.text)
    __aeabi_memclr4                          0x08000133   Thumb Code     0  memseta.o(.text)
    __aeabi_memclr8                          0x08000133   Thumb Code     0  memseta.o(.text)
    _memset$wrapper                          0x08000137   Thumb Code    18  memseta.o(.text)
    __scatterload                            0x08000149   Thumb Code    28  init.o(.text)
    __scatterload_rt2                        0x08000149   Thumb Code     0  init.o(.text)
    BusFault_Handler                         0x0800016d   Thumb Code     2  stm32f1xx_it.o(i.BusFault_Handler)
    DebugMon_Handler                         0x0800016f   Thumb Code     2  stm32f1xx_it.o(i.DebugMon_Handler)
    HAL_Delay                                0x08000171   Thumb Code    32  stm32f1xx_hal.o(i.HAL_Delay)
    HAL_GPIO_Init                            0x08000195   Thumb Code   446  stm32f1xx_hal_gpio.o(i.HAL_GPIO_Init)
    HAL_GetTick                              0x08000375   Thumb Code     6  stm32f1xx_hal.o(i.HAL_GetTick)
    HAL_I2C_Init                             0x08000381   Thumb Code   356  stm32f1xx_hal_i2c.o(i.HAL_I2C_Init)
    HAL_I2C_IsDeviceReady                    0x080004f5   Thumb Code   336  stm32f1xx_hal_i2c.o(i.HAL_I2C_IsDeviceReady)
    HAL_I2C_Master_Transmit                  0x0800064d   Thumb Code   290  stm32f1xx_hal_i2c.o(i.HAL_I2C_Master_Transmit)
    HAL_I2C_MspInit                          0x08000779   Thumb Code    80  stm32f1xx_hal_msp.o(i.HAL_I2C_MspInit)
    HAL_IncTick                              0x080007d5   Thumb Code    12  stm32f1xx_hal.o(i.HAL_IncTick)
    HAL_Init                                 0x080007e5   Thumb Code    32  stm32f1xx_hal.o(i.HAL_Init)
    HAL_InitTick                             0x08000809   Thumb Code    54  stm32f1xx_hal.o(i.HAL_InitTick)
    HAL_MspInit                              0x08000849   Thumb Code    52  stm32f1xx_hal_msp.o(i.HAL_MspInit)
    HAL_NVIC_SetPriority                     0x08000885   Thumb Code    60  stm32f1xx_hal_cortex.o(i.HAL_NVIC_SetPriority)
    HAL_NVIC_SetPriorityGrouping             0x080008c5   Thumb Code    26  stm32f1xx_hal_cortex.o(i.HAL_NVIC_SetPriorityGrouping)
    HAL_RCC_ClockConfig                      0x080008e9   Thumb Code   280  stm32f1xx_hal_rcc.o(i.HAL_RCC_ClockConfig)
    HAL_RCC_GetPCLK1Freq                     0x08000a15   Thumb Code    20  stm32f1xx_hal_rcc.o(i.HAL_RCC_GetPCLK1Freq)
    HAL_RCC_GetSysClockFreq                  0x08000a35   Thumb Code    74  stm32f1xx_hal_rcc.o(i.HAL_RCC_GetSysClockFreq)
    HAL_RCC_OscConfig                        0x08000aa1   Thumb Code   778  stm32f1xx_hal_rcc.o(i.HAL_RCC_OscConfig)
    HAL_SYSTICK_Config                       0x08000dc1   Thumb Code    40  stm32f1xx_hal_cortex.o(i.HAL_SYSTICK_Config)
    HardFault_Handler                        0x08000de9   Thumb Code     2  stm32f1xx_it.o(i.HardFault_Handler)
    MemManage_Handler                        0x08001037   Thumb Code     2  stm32f1xx_it.o(i.MemManage_Handler)
    NMI_Handler                              0x08001039   Thumb Code     2  stm32f1xx_it.o(i.NMI_Handler)
    PendSV_Handler                           0x0800103b   Thumb Code     2  stm32f1xx_it.o(i.PendSV_Handler)
    SSD1306_Clear                            0x0800103d   Thumb Code    20  oled_lcd_ssd1306.o(i.SSD1306_Clear)
    SSD1306_DrawBitmap                       0x08001051   Thumb Code   112  oled_lcd_ssd1306.o(i.SSD1306_DrawBitmap)
    SSD1306_DrawCircle                       0x080010c1   Thumb Code   292  oled_lcd_ssd1306.o(i.SSD1306_DrawCircle)
    SSD1306_DrawFilledCircle                 0x080011e5   Thumb Code   256  oled_lcd_ssd1306.o(i.SSD1306_DrawFilledCircle)
    SSD1306_DrawFilledRectangle              0x080012e5   Thumb Code    86  oled_lcd_ssd1306.o(i.SSD1306_DrawFilledRectangle)
    SSD1306_DrawLine                         0x0800133b   Thumb Code   276  oled_lcd_ssd1306.o(i.SSD1306_DrawLine)
    SSD1306_DrawPixel                        0x0800144f   Thumb Code    58  oled_lcd_ssd1306.o(i.SSD1306_DrawPixel)
    SSD1306_DrawRectangle                    0x08001489   Thumb Code   126  oled_lcd_ssd1306.o(i.SSD1306_DrawRectangle)
    SSD1306_DrawTriangle                     0x08001507   Thumb Code    64  oled_lcd_ssd1306.o(i.SSD1306_DrawTriangle)
    SSD1306_Fill                             0x08001547   Thumb Code    18  oled_lcd_ssd1306.o(i.SSD1306_Fill)
    SSD1306_GotoXY                           0x08001559   Thumb Code    10  oled_lcd_ssd1306.o(i.SSD1306_GotoXY)
    SSD1306_Init                             0x08001563   Thumb Code   302  oled_lcd_ssd1306.o(i.SSD1306_Init)
    SSD1306_InvertDisplay                    0x08001691   Thumb Code    12  oled_lcd_ssd1306.o(i.SSD1306_InvertDisplay)
    SSD1306_Putc                             0x0800169d   Thumb Code   162  oled_lcd_ssd1306.o(i.SSD1306_Putc)
    SSD1306_Puts                             0x0800173f   Thumb Code    40  oled_lcd_ssd1306.o(i.SSD1306_Puts)
    SSD1306_ScrollLeft                       0x08001767   Thumb Code    74  oled_lcd_ssd1306.o(i.SSD1306_ScrollLeft)
    SSD1306_ScrollRight                      0x080017b1   Thumb Code    74  oled_lcd_ssd1306.o(i.SSD1306_ScrollRight)
    SSD1306_Scrolldiagleft                   0x080017fb   Thumb Code    90  oled_lcd_ssd1306.o(i.SSD1306_Scrolldiagleft)
    SSD1306_Scrolldiagright                  0x08001855   Thumb Code    90  oled_lcd_ssd1306.o(i.SSD1306_Scrolldiagright)
    SSD1306_Stopscroll                       0x080018af   Thumb Code     6  oled_lcd_ssd1306.o(i.SSD1306_Stopscroll)
    SSD1306_UpdateScreen                     0x080018b5   Thumb Code   108  oled_lcd_ssd1306.o(i.SSD1306_UpdateScreen)
    SVC_Handler                              0x08001943   Thumb Code     2  stm32f1xx_it.o(i.SVC_Handler)
    SysTick_Handler                          0x08001945   Thumb Code     4  stm32f1xx_it.o(i.SysTick_Handler)
    SystemClock_Config                       0x08001949   Thumb Code    78  main.o(i.SystemClock_Config)
    SystemInit                               0x08001999   Thumb Code    56  system_stm32f1xx.o(i.SystemInit)
    TestCircles                              0x080019e1   Thumb Code    96  test.o(i.TestCircles)
    TestFilledCircles                        0x08001a45   Thumb Code    90  test.o(i.TestFilledCircles)
    TestFilledRectangles                     0x08001aa5   Thumb Code    64  test.o(i.TestFilledRectangles)
    TestLines                                0x08001ae9   Thumb Code   392  test.o(i.TestLines)
    TestRectangles                           0x08001c75   Thumb Code    62  test.o(i.TestRectangles)
    TestTriangles                            0x08001cb9   Thumb Code    70  test.o(i.TestTriangles)
    UsageFault_Handler                       0x08001d05   Thumb Code     2  stm32f1xx_it.o(i.UsageFault_Handler)
    __scatterload_copy                       0x08001d27   Thumb Code    14  handlers.o(i.__scatterload_copy)
    __scatterload_null                       0x08001d35   Thumb Code     2  handlers.o(i.__scatterload_null)
    __scatterload_zeroinit                   0x08001d37   Thumb Code    14  handlers.o(i.__scatterload_zeroinit)
    main                                     0x08001d45   Thumb Code   836  main.o(i.main)
    horse1                                   0x080020e0   Data        1024  main.o(.constdata)
    horse2                                   0x080024e0   Data        1024  main.o(.constdata)
    horse3                                   0x080028e0   Data        1024  main.o(.constdata)
    horse4                                   0x08002ce0   Data        1024  main.o(.constdata)
    horse5                                   0x080030e0   Data        1024  main.o(.constdata)
    horse6                                   0x080034e0   Data        1024  main.o(.constdata)
    horse7                                   0x080038e0   Data        1024  main.o(.constdata)
    horse8                                   0x08003ce0   Data        1024  main.o(.constdata)
    horse9                                   0x080040e0   Data        1024  main.o(.constdata)
    horse10                                  0x080044e0   Data        1024  main.o(.constdata)
    logo                                     0x080048e0   Data        1024  main.o(.constdata)
    Font11x18                                0x08004ce0   Data        3420  fonts.o(.constdata)
    AHBPrescTable                            0x08005a3c   Data          16  system_stm32f1xx.o(.constdata)
    APBPrescTable                            0x08005a4c   Data           8  system_stm32f1xx.o(.constdata)
    Region$$Table$$Base                      0x08005a54   Number         0  anon$$obj.o(Region$$Table)
    Region$$Table$$Limit                     0x08005a74   Number         0  anon$$obj.o(Region$$Table)
    Font_11x18                               0x20000000   Data           8  fonts.o(.data)
    uwTickFreq                               0x20000008   Data           1  stm32f1xx_hal.o(.data)
    uwTickPrio                               0x2000000c   Data           4  stm32f1xx_hal.o(.data)
    uwTick                                   0x20000010   Data           4  stm32f1xx_hal.o(.data)
    SystemCoreClock                          0x20000014   Data           4  system_stm32f1xx.o(.data)
    hi2c1                                    0x20000018   Data          84  main.o(.bss)
    SSD1306                                  0x2000006c   Data        1068  main.o(.bss)
    __initial_sp                             0x20000898   Data           0  startup_stm32f103xb.o(STACK)



==============================================================================

Memory Map of the image

  Image Entry point : 0x080000ed

  Load Region LR_IROM1 (Base: 0x08000000, Size: 0x00005a8c, Max: 0x00010000, ABSOLUTE)

    Execution Region ER_IROM1 (Base: 0x08000000, Size: 0x00005a74, Max: 0x00010000, ABSOLUTE)

    Base Addr    Size         Type   Attr      Idx    E Section Name        Object

    0x08000000   0x000000ec   Data   RO            3    RESET               startup_stm32f103xb.o
    0x080000ec   0x00000000   Code   RO         2029  * .ARM.Collect$$$$00000000  mc_w.l(entry.o)
    0x080000ec   0x00000004   Code   RO         2038    .ARM.Collect$$$$00000001  mc_w.l(entry2.o)
    0x080000f0   0x00000004   Code   RO         2041    .ARM.Collect$$$$00000004  mc_w.l(entry5.o)
    0x080000f4   0x00000000   Code   RO         2043    .ARM.Collect$$$$00000008  mc_w.l(entry7b.o)
    0x080000f4   0x00000000   Code   RO         2045    .ARM.Collect$$$$0000000A  mc_w.l(entry8b.o)
    0x080000f4   0x00000008   Code   RO         2046    .ARM.Collect$$$$0000000B  mc_w.l(entry9a.o)
    0x080000fc   0x00000000   Code   RO         2048    .ARM.Collect$$$$0000000D  mc_w.l(entry10a.o)
    0x080000fc   0x00000000   Code   RO         2050    .ARM.Collect$$$$0000000F  mc_w.l(entry11a.o)
    0x080000fc   0x00000004   Code   RO         2039    .ARM.Collect$$$$00002712  mc_w.l(entry2.o)
    0x08000100   0x00000024   Code   RO            4    .text               startup_stm32f103xb.o
    0x08000124   0x00000024   Code   RO         2034    .text               mc_w.l(memseta.o)
    0x08000148   0x00000024   Code   RO         2052    .text               mc_w.l(init.o)
    0x0800016c   0x00000002   Code   RO          151    i.BusFault_Handler  stm32f1xx_it.o
    0x0800016e   0x00000002   Code   RO          152    i.DebugMon_Handler  stm32f1xx_it.o
    0x08000170   0x00000024   Code   RO          990    i.HAL_Delay         stm32f1xx_hal.o
    0x08000194   0x000001e0   Code   RO         1298    i.HAL_GPIO_Init     stm32f1xx_hal_gpio.o
    0x08000374   0x0000000c   Code   RO          994    i.HAL_GetTick       stm32f1xx_hal.o
    0x08000380   0x00000174   Code   RO          572    i.HAL_I2C_Init      stm32f1xx_hal_i2c.o
    0x080004f4   0x00000158   Code   RO          573    i.HAL_I2C_IsDeviceReady  stm32f1xx_hal_i2c.o
    0x0800064c   0x0000012c   Code   RO          585    i.HAL_I2C_Master_Transmit  stm32f1xx_hal_i2c.o
    0x08000778   0x0000005c   Code   RO          227    i.HAL_I2C_MspInit   stm32f1xx_hal_msp.o
    0x080007d4   0x00000010   Code   RO         1000    i.HAL_IncTick       stm32f1xx_hal.o
    0x080007e4   0x00000024   Code   RO         1001    i.HAL_Init          stm32f1xx_hal.o
    0x08000808   0x00000040   Code   RO         1002    i.HAL_InitTick      stm32f1xx_hal.o
    0x08000848   0x0000003c   Code   RO          228    i.HAL_MspInit       stm32f1xx_hal_msp.o
    0x08000884   0x00000040   Code   RO         1464    i.HAL_NVIC_SetPriority  stm32f1xx_hal_cortex.o
    0x080008c4   0x00000024   Code   RO         1465    i.HAL_NVIC_SetPriorityGrouping  stm32f1xx_hal_cortex.o
    0x080008e8   0x0000012c   Code   RO         1158    i.HAL_RCC_ClockConfig  stm32f1xx_hal_rcc.o
    0x08000a14   0x00000020   Code   RO         1165    i.HAL_RCC_GetPCLK1Freq  stm32f1xx_hal_rcc.o
    0x08000a34   0x0000006c   Code   RO         1167    i.HAL_RCC_GetSysClockFreq  stm32f1xx_hal_rcc.o
    0x08000aa0   0x00000320   Code   RO         1170    i.HAL_RCC_OscConfig  stm32f1xx_hal_rcc.o
    0x08000dc0   0x00000028   Code   RO         1469    i.HAL_SYSTICK_Config  stm32f1xx_hal_cortex.o
    0x08000de8   0x00000002   Code   RO          153    i.HardFault_Handler  stm32f1xx_it.o
    0x08000dea   0x0000002e   Code   RO          614    i.I2C_IsAcknowledgeFailed  stm32f1xx_hal_i2c.o
    0x08000e18   0x00000088   Code   RO          618    i.I2C_MasterRequestWrite  stm32f1xx_hal_i2c.o
    0x08000ea0   0x0000004c   Code   RO          627    i.I2C_WaitOnBTFFlagUntilTimeout  stm32f1xx_hal_i2c.o
    0x08000eec   0x00000068   Code   RO          628    i.I2C_WaitOnFlagUntilTimeout  stm32f1xx_hal_i2c.o
    0x08000f54   0x00000096   Code   RO          629    i.I2C_WaitOnMasterAddressFlagUntilTimeout  stm32f1xx_hal_i2c.o
    0x08000fea   0x0000004c   Code   RO          631    i.I2C_WaitOnTXEFlagUntilTimeout  stm32f1xx_hal_i2c.o
    0x08001036   0x00000002   Code   RO          154    i.MemManage_Handler  stm32f1xx_it.o
    0x08001038   0x00000002   Code   RO          155    i.NMI_Handler       stm32f1xx_it.o
    0x0800103a   0x00000002   Code   RO          156    i.PendSV_Handler    stm32f1xx_it.o
    0x0800103c   0x00000014   Code   RO          297    i.SSD1306_Clear     oled_lcd_ssd1306.o
    0x08001050   0x00000070   Code   RO          298    i.SSD1306_DrawBitmap  oled_lcd_ssd1306.o
    0x080010c0   0x00000124   Code   RO          299    i.SSD1306_DrawCircle  oled_lcd_ssd1306.o
    0x080011e4   0x00000100   Code   RO          300    i.SSD1306_DrawFilledCircle  oled_lcd_ssd1306.o
    0x080012e4   0x00000056   Code   RO          301    i.SSD1306_DrawFilledRectangle  oled_lcd_ssd1306.o
    0x0800133a   0x00000114   Code   RO          303    i.SSD1306_DrawLine  oled_lcd_ssd1306.o
    0x0800144e   0x0000003a   Code   RO          304    i.SSD1306_DrawPixel  oled_lcd_ssd1306.o
    0x08001488   0x0000007e   Code   RO          305    i.SSD1306_DrawRectangle  oled_lcd_ssd1306.o
    0x08001506   0x00000040   Code   RO          306    i.SSD1306_DrawTriangle  oled_lcd_ssd1306.o
    0x08001546   0x00000012   Code   RO          307    i.SSD1306_Fill      oled_lcd_ssd1306.o
    0x08001558   0x0000000a   Code   RO          308    i.SSD1306_GotoXY    oled_lcd_ssd1306.o
    0x08001562   0x0000012e   Code   RO          309    i.SSD1306_Init      oled_lcd_ssd1306.o
    0x08001690   0x0000000c   Code   RO          310    i.SSD1306_InvertDisplay  oled_lcd_ssd1306.o
    0x0800169c   0x000000a2   Code   RO          313    i.SSD1306_Putc      oled_lcd_ssd1306.o
    0x0800173e   0x00000028   Code   RO          314    i.SSD1306_Puts      oled_lcd_ssd1306.o
    0x08001766   0x0000004a   Code   RO          315    i.SSD1306_ScrollLeft  oled_lcd_ssd1306.o
    0x080017b0   0x0000004a   Code   RO          316    i.SSD1306_ScrollRight  oled_lcd_ssd1306.o
    0x080017fa   0x0000005a   Code   RO          317    i.SSD1306_Scrolldiagleft  oled_lcd_ssd1306.o
    0x08001854   0x0000005a   Code   RO          318    i.SSD1306_Scrolldiagright  oled_lcd_ssd1306.o
    0x080018ae   0x00000006   Code   RO          319    i.SSD1306_Stopscroll  oled_lcd_ssd1306.o
    0x080018b4   0x0000006c   Code   RO          321    i.SSD1306_UpdateScreen  oled_lcd_ssd1306.o
    0x08001920   0x00000022   Code   RO          322    i.SSD1306_WriteCmd  oled_lcd_ssd1306.o
    0x08001942   0x00000002   Code   RO          157    i.SVC_Handler       stm32f1xx_it.o
    0x08001944   0x00000004   Code   RO          158    i.SysTick_Handler   stm32f1xx_it.o
    0x08001948   0x0000004e   Code   RO           14    i.SystemClock_Config  main.o
    0x08001996   0x00000002   PAD
    0x08001998   0x00000048   Code   RO         1995    i.SystemInit        system_stm32f1xx.o
    0x080019e0   0x00000064   Code   RO          470    i.TestCircles       test.o
    0x08001a44   0x00000060   Code   RO          471    i.TestFilledCircles  test.o
    0x08001aa4   0x00000044   Code   RO          472    i.TestFilledRectangles  test.o
    0x08001ae8   0x0000018c   Code   RO          473    i.TestLines         test.o
    0x08001c74   0x00000044   Code   RO          474    i.TestRectangles    test.o
    0x08001cb8   0x0000004c   Code   RO          475    i.TestTriangles     test.o
    0x08001d04   0x00000002   Code   RO          159    i.UsageFault_Handler  stm32f1xx_it.o
    0x08001d06   0x00000020   Code   RO         1471    i.__NVIC_SetPriority  stm32f1xx_hal_cortex.o
    0x08001d26   0x0000000e   Code   RO         2056    i.__scatterload_copy  mc_w.l(handlers.o)
    0x08001d34   0x00000002   Code   RO         2057    i.__scatterload_null  mc_w.l(handlers.o)
    0x08001d36   0x0000000e   Code   RO         2058    i.__scatterload_zeroinit  mc_w.l(handlers.o)
    0x08001d44   0x0000039c   Code   RO           15    i.main              main.o
    0x080020e0   0x00002c00   Data   RO           17    .constdata          main.o
    0x08004ce0   0x00000d5c   Data   RO          264    .constdata          fonts.o
    0x08005a3c   0x00000010   Data   RO         1996    .constdata          system_stm32f1xx.o
    0x08005a4c   0x00000008   Data   RO         1997    .constdata          system_stm32f1xx.o
    0x08005a54   0x00000020   Data   RO         2054    Region$$Table       anon$$obj.o


    Execution Region RW_IRAM1 (Base: 0x20000000, Size: 0x00000898, Max: 0x00005000, ABSOLUTE)

    Base Addr    Size         Type   Attr      Idx    E Section Name        Object

    0x20000000   0x00000008   Data   RW          267    .data               fonts.o
    0x20000008   0x0000000c   Data   RW         1008    .data               stm32f1xx_hal.o
    0x20000014   0x00000004   Data   RW         1998    .data               system_stm32f1xx.o
    0x20000018   0x00000480   Zero   RW           16    .bss                main.o
    0x20000498   0x00000400   Zero   RW            1    STACK               startup_stm32f103xb.o


==============================================================================

Image component sizes


      Code (inc. data)   RO Data    RW Data    ZI Data      Debug   Object Name

         0          0       3420          8          0       1123   fonts.o
      1002         88      11264          0       1152     396166   main.o
      2310          0          0          0          0      17064   oled_lcd_ssd1306.o
        36          8        236          0       1024        772   startup_stm32f103xb.o
       164         28          0         12          0       5637   stm32f1xx_hal.o
       172         14          0          0          0      28118   stm32f1xx_hal_cortex.o
       480         34          0          0          0       2200   stm32f1xx_hal_gpio.o
      1604         38          0          0          0       9733   stm32f1xx_hal_i2c.o
       152         20          0          0          0       1416   stm32f1xx_hal_msp.o
      1240         88          0          0          0       4465   stm32f1xx_hal_rcc.o
        20          0          0          0          0       3506   stm32f1xx_it.o
        72         16         24          4          0       1063   system_stm32f1xx.o
       804         30          0          0          0       3958   test.o

    ----------------------------------------------------------------------
      8058        364      14976         24       2176     475221   Object Totals
         0          0         32          0          0          0   (incl. Generated)
         2          0          0          0          0          0   (incl. Padding)

    ----------------------------------------------------------------------

      Code (inc. data)   RO Data    RW Data    ZI Data      Debug   Library Member Name

         0          0          0          0          0          0   entry.o
         0          0          0          0          0          0   entry10a.o
         0          0          0          0          0          0   entry11a.o
         8          4          0          0          0          0   entry2.o
         4          0          0          0          0          0   entry5.o
         0          0          0          0          0          0   entry7b.o
         0          0          0          0          0          0   entry8b.o
         8          4          0          0          0          0   entry9a.o
        30          0          0          0          0          0   handlers.o
        36          8          0          0          0         68   init.o
        36          0          0          0          0        108   memseta.o

    ----------------------------------------------------------------------
       122         16          0          0          0        176   Library Totals
         0          0          0          0          0          0   (incl. Padding)

    ----------------------------------------------------------------------

      Code (inc. data)   RO Data    RW Data    ZI Data      Debug   Library Name

       122         16          0          0          0        176   mc_w.l

    ----------------------------------------------------------------------
       122         16          0          0          0        176   Library Totals

    ----------------------------------------------------------------------

==============================================================================


      Code (inc. data)   RO Data    RW Data    ZI Data      Debug   

      8180        380      14976         24       2176     472377   Grand Totals
      8180        380      14976         24       2176     472377   ELF Image Totals
      8180        380      14976         24          0          0   ROM Totals

==============================================================================

    Total RO  Size (Code + RO Data)                23156 (  22.61kB)
    Total RW  Size (RW Data + ZI Data)              2200 (   2.15kB)
    Total ROM Size (Code + RO Data + RW Data)      23180 (  22.64kB)

==============================================================================

