<html>
<body>
<pre>
<h1>µVision Build Log</h1>
<h2>Tool Versions:</h2>
IDE-Version: µVision V5.22.0.0
Copyright (C) 2016 ARM Ltd and ARM Germany GmbH. All rights reserved.
License Information: nguyen khue, khuenguyencreator.com, LIC=32BZ9-42GVX-PBEEG-VQ4KE-MS34V-R0Y1N
 
Tool Versions:
Toolchain:       MDK-ARM Plus  Version: 5.22
Toolchain Path:  C:\Keil_v5\ARM\ARMCC\Bin
C Compiler:      Armcc.exe V5.06 update 4 (build 422)
Assembler:       Armasm.exe V5.06 update 4 (build 422)
Linker/Locator:  ArmLink.exe V5.06 update 4 (build 422)
Library Manager: ArmAr.exe V5.06 update 4 (build 422)
Hex Converter:   FromElf.exe V5.06 update 4 (build 422)
CPU DLL:         SARMCM3.DLL V5.22
Dialog DLL:      DCM.DLL V1.13.9.0
Target DLL:      STLink\ST-LINKIII-KEIL_SWO.dll V2.0.18.0
Dialog DLL:      TCM.DLL V1.21.0.0
 
<h2>Project:</h2>
D:\Example\CLCD_I2C\MDK-ARM\CLCD_I2C.uvprojx
Project File Date:  08/01/2020

<h2>Output:</h2>
*** Using Compiler 'V5.06 update 4 (build 422)', folder: 'C:\Keil_v5\ARM\ARMCC\Bin'
Build target 'CLCD_I2C'
compiling main.c...
"no source": Error:  #219: error while deleting file "clcd_i2c\main.d": Permission denied
../Src/main.c: 0 warnings, 1 error
compiling stm32f1xx_hal_msp.c...
"no source": Error:  #219: error while deleting file "clcd_i2c\stm32f1xx_hal_msp.d": Permission denied
../Src/stm32f1xx_hal_msp.c: 0 warnings, 1 error
compiling stm32f1xx_it.c...
"no source": Error:  #219: error while deleting file "clcd_i2c\stm32f1xx_it.d": Permission denied
../Src/stm32f1xx_it.c: 0 warnings, 1 error
compiling CLCD_I2C.c...
"no source": Error:  #219: error while deleting file "clcd_i2c\clcd_i2c.d": Permission denied
D:\Common Lib\Device Lib\Src\CLCD_I2C.c: 0 warnings, 1 error
compiling stm32f1xx_hal_gpio_ex.c...
"no source": Error:  #219: error while deleting file "clcd_i2c\stm32f1xx_hal_gpio_ex.d": Permission denied
../Drivers/STM32F1xx_HAL_Driver/Src/stm32f1xx_hal_gpio_ex.c: 0 warnings, 1 error
compiling stm32f1xx_hal_i2c.c...
"no source": Error:  #219: error while deleting file "clcd_i2c\stm32f1xx_hal_i2c.d": Permission denied
../Drivers/STM32F1xx_HAL_Driver/Src/stm32f1xx_hal_i2c.c: 0 warnings, 1 error
compiling stm32f1xx_hal_rcc.c...
"no source": Error:  #219: error while deleting file "clcd_i2c\stm32f1xx_hal_rcc.d": Permission denied
../Drivers/STM32F1xx_HAL_Driver/Src/stm32f1xx_hal_rcc.c: 0 warnings, 1 error
compiling stm32f1xx_hal.c...
"no source": Error:  #219: error while deleting file "clcd_i2c\stm32f1xx_hal.d": Permission denied
../Drivers/STM32F1xx_HAL_Driver/Src/stm32f1xx_hal.c: 0 warnings, 1 error
compiling stm32f1xx_hal_rcc_ex.c...
"no source": Error:  #219: error while deleting file "clcd_i2c\stm32f1xx_hal_rcc_ex.d": Permission denied
../Drivers/STM32F1xx_HAL_Driver/Src/stm32f1xx_hal_rcc_ex.c: 0 warnings, 1 error
compiling stm32f1xx_hal_gpio.c...
"no source": Error:  #219: error while deleting file "clcd_i2c\stm32f1xx_hal_gpio.d": Permission denied
../Drivers/STM32F1xx_HAL_Driver/Src/stm32f1xx_hal_gpio.c: 0 warnings, 1 error
compiling stm32f1xx_hal_cortex.c...
"no source": Error:  #219: error while deleting file "clcd_i2c\stm32f1xx_hal_cortex.d": Permission denied
../Drivers/STM32F1xx_HAL_Driver/Src/stm32f1xx_hal_cortex.c: 0 warnings, 1 error
compiling stm32f1xx_hal_dma.c...
"no source": Error:  #219: error while deleting file "clcd_i2c\stm32f1xx_hal_dma.d": Permission denied
../Drivers/STM32F1xx_HAL_Driver/Src/stm32f1xx_hal_dma.c: 0 warnings, 1 error
compiling stm32f1xx_hal_pwr.c...
"no source": Error:  #219: error while deleting file "clcd_i2c\stm32f1xx_hal_pwr.d": Permission denied
../Drivers/STM32F1xx_HAL_Driver/Src/stm32f1xx_hal_pwr.c: 0 warnings, 1 error
compiling stm32f1xx_hal_flash.c...
"no source": Error:  #219: error while deleting file "clcd_i2c\stm32f1xx_hal_flash.d": Permission denied
../Drivers/STM32F1xx_HAL_Driver/Src/stm32f1xx_hal_flash.c: 0 warnings, 1 error
compiling stm32f1xx_hal_flash_ex.c...
"no source": Error:  #219: error while deleting file "clcd_i2c\stm32f1xx_hal_flash_ex.d": Permission denied
../Drivers/STM32F1xx_HAL_Driver/Src/stm32f1xx_hal_flash_ex.c: 0 warnings, 1 error
compiling stm32f1xx_hal_exti.c...
"no source": Error:  #219: error while deleting file "clcd_i2c\stm32f1xx_hal_exti.d": Permission denied
../Drivers/STM32F1xx_HAL_Driver/Src/stm32f1xx_hal_exti.c: 0 warnings, 1 error
compiling stm32f1xx_hal_tim.c...
"no source": Error:  #219: error while deleting file "clcd_i2c\stm32f1xx_hal_tim.d": Permission denied
../Drivers/STM32F1xx_HAL_Driver/Src/stm32f1xx_hal_tim.c: 0 warnings, 1 error
compiling stm32f1xx_hal_tim_ex.c...
"no source": Error:  #219: error while deleting file "clcd_i2c\stm32f1xx_hal_tim_ex.d": Permission denied
../Drivers/STM32F1xx_HAL_Driver/Src/stm32f1xx_hal_tim_ex.c: 0 warnings, 1 error
compiling system_stm32f1xx.c...
"no source": Error:  #219: error while deleting file "clcd_i2c\system_stm32f1xx.d": Permission denied
../Src/system_stm32f1xx.c: 0 warnings, 1 error
linking...
Program Size: Code=4304 RO-data=292 RW-data=16 ZI-data=1120  
FromELF: creating hex file...
"CLCD_I2C\CLCD_I2C.axf" - 0 Error(s), 0 Warning(s).

<h2>Software Packages used:</h2>

Package Vendor: ARM
                http://www.keil.com/pack/ARM.CMSIS.5.0.0.pack
                ARM::CMSIS:CORE:5.0.0
                CMSIS (Cortex Microcontroller Software Interface Standard)
   * Component: CORE Version: 5.0.0

<h2>Collection of Component include folders:</h2>
  D:\Example\CLCD_I2C\MDK-ARM\RTE\_CLCD_I2C
  C:\Keil_v5\ARM\PACK\ARM\CMSIS\5.0.0\CMSIS\Include
  C:\Keil_v5\ARM\PACK\Keil\STM32F1xx_DFP\2.3.0\Device\Include

<h2>Collection of Component Files used:</h2>

   * Component: ARM::CMSIS:CORE:5.0.0
Build Time Elapsed:  00:00:02
</pre>
</body>
</html>
